2025-09-24T00:53:43.2720696Z Current runner version: '2.328.0'
2025-09-24T00:53:43.2747457Z ##[group]Runner Image Provisioner
2025-09-24T00:53:43.2748377Z Hosted Compute Agent
2025-09-24T00:53:43.2748890Z Version: 20250829.383
2025-09-24T00:53:43.2749493Z Commit: 27cb235aab5b0e52e153a26cd86b4742e89dac5d
2025-09-24T00:53:43.2750249Z Build Date: 2025-08-29T13:48:48Z
2025-09-24T00:53:43.2750799Z ##[endgroup]
2025-09-24T00:53:43.2751508Z ##[group]Operating System
2025-09-24T00:53:43.2752097Z Ubuntu
2025-09-24T00:53:43.2752585Z 24.04.3
2025-09-24T00:53:43.2753029Z LTS
2025-09-24T00:53:43.2753525Z ##[endgroup]
2025-09-24T00:53:43.2753988Z ##[group]Runner Image
2025-09-24T00:53:43.2754558Z Image: ubuntu-24.04
2025-09-24T00:53:43.2755104Z Version: 20250907.24.1
2025-09-24T00:53:43.2756073Z Included Software: https://github.com/actions/runner-images/blob/ubuntu24/20250907.24/images/ubuntu/Ubuntu2404-Readme.md
2025-09-24T00:53:43.2757612Z Image Release: https://github.com/actions/runner-images/releases/tag/ubuntu24%2F20250907.24
2025-09-24T00:53:43.2758612Z ##[endgroup]
2025-09-24T00:53:43.2761157Z ##[group]GITHUB_TOKEN Permissions
2025-09-24T00:53:43.2763836Z Actions: write
2025-09-24T00:53:43.2764355Z Attestations: write
2025-09-24T00:53:43.2764843Z Checks: write
2025-09-24T00:53:43.2765448Z Contents: write
2025-09-24T00:53:43.2765921Z Deployments: write
2025-09-24T00:53:43.2766406Z Discussions: write
2025-09-24T00:53:43.2766980Z Issues: write
2025-09-24T00:53:43.2767461Z Metadata: read
2025-09-24T00:53:43.2767903Z Models: read
2025-09-24T00:53:43.2768449Z Packages: write
2025-09-24T00:53:43.2768908Z Pages: write
2025-09-24T00:53:43.2769394Z PullRequests: write
2025-09-24T00:53:43.2769963Z RepositoryProjects: write
2025-09-24T00:53:43.2770537Z SecurityEvents: write
2025-09-24T00:53:43.2771140Z Statuses: write
2025-09-24T00:53:43.2771853Z ##[endgroup]
2025-09-24T00:53:43.2773931Z Secret source: Actions
2025-09-24T00:53:43.2774985Z Prepare workflow directory
2025-09-24T00:53:43.3274202Z Prepare all required actions
2025-09-24T00:53:43.3330015Z Getting action download info
2025-09-24T00:53:43.6143489Z Download action repository 'actions/checkout@v4' (SHA:08eba0b27e820071cde6df949e0beb9ba4906955)
2025-09-24T00:53:43.7732599Z Download action repository 'actions/setup-node@v4' (SHA:49933ea5288caeca8642d1e84afbd3f7d6820020)
2025-09-24T00:53:44.0077715Z Complete job name: 📋 Code Quality Check
2025-09-24T00:53:44.0752653Z ##[group]Run actions/checkout@v4
2025-09-24T00:53:44.0753468Z with:
2025-09-24T00:53:44.0753827Z   fetch-depth: 0
2025-09-24T00:53:44.0754275Z   repository: jiayuwee/advanced-tools-navigation
2025-09-24T00:53:44.0754973Z   token: ***
2025-09-24T00:53:44.0755343Z   ssh-strict: true
2025-09-24T00:53:44.0755707Z   ssh-user: git
2025-09-24T00:53:44.0756090Z   persist-credentials: true
2025-09-24T00:53:44.0756511Z   clean: true
2025-09-24T00:53:44.0756904Z   sparse-checkout-cone-mode: true
2025-09-24T00:53:44.0757369Z   fetch-tags: false
2025-09-24T00:53:44.0757752Z   show-progress: true
2025-09-24T00:53:44.0758145Z   lfs: false
2025-09-24T00:53:44.0758512Z   submodules: false
2025-09-24T00:53:44.0758898Z   set-safe-directory: true
2025-09-24T00:53:44.0759493Z env:
2025-09-24T00:53:44.0759846Z   NODE_VERSION: 20.x
2025-09-24T00:53:44.0760229Z   CACHE_VERSION: v3
2025-09-24T00:53:44.0760601Z ##[endgroup]
2025-09-24T00:53:44.1830573Z Syncing repository: jiayuwee/advanced-tools-navigation
2025-09-24T00:53:44.1832729Z ##[group]Getting Git version info
2025-09-24T00:53:44.1833632Z Working directory is '/home/runner/work/advanced-tools-navigation/advanced-tools-navigation'
2025-09-24T00:53:44.1834750Z [command]/usr/bin/git version
2025-09-24T00:53:44.1903072Z git version 2.51.0
2025-09-24T00:53:44.1929091Z ##[endgroup]
2025-09-24T00:53:44.1944427Z Temporarily overriding HOME='/home/runner/work/_temp/9a3bfa21-474f-46ce-8be9-2cefc590002b' before making global git config changes
2025-09-24T00:53:44.1945867Z Adding repository directory to the temporary git global config as a safe directory
2025-09-24T00:53:44.1958030Z [command]/usr/bin/git config --global --add safe.directory /home/runner/work/advanced-tools-navigation/advanced-tools-navigation
2025-09-24T00:53:44.1995298Z Deleting the contents of '/home/runner/work/advanced-tools-navigation/advanced-tools-navigation'
2025-09-24T00:53:44.1998430Z ##[group]Initializing the repository
2025-09-24T00:53:44.2002730Z [command]/usr/bin/git init /home/runner/work/advanced-tools-navigation/advanced-tools-navigation
2025-09-24T00:53:44.2107915Z hint: Using 'master' as the name for the initial branch. This default branch name
2025-09-24T00:53:44.2109663Z hint: is subject to change. To configure the initial branch name to use in all
2025-09-24T00:53:44.2111613Z hint: of your new repositories, which will suppress this warning, call:
2025-09-24T00:53:44.2112893Z hint:
2025-09-24T00:53:44.2113691Z hint: 	git config --global init.defaultBranch <name>
2025-09-24T00:53:44.2114581Z hint:
2025-09-24T00:53:44.2115185Z hint: Names commonly chosen instead of 'master' are 'main', 'trunk' and
2025-09-24T00:53:44.2116186Z hint: 'development'. The just-created branch can be renamed via this command:
2025-09-24T00:53:44.2116927Z hint:
2025-09-24T00:53:44.2117304Z hint: 	git branch -m <name>
2025-09-24T00:53:44.2117745Z hint:
2025-09-24T00:53:44.2118312Z hint: Disable this message with "git config set advice.defaultBranchName false"
2025-09-24T00:53:44.2120051Z Initialized empty Git repository in /home/runner/work/advanced-tools-navigation/advanced-tools-navigation/.git/
2025-09-24T00:53:44.2126339Z [command]/usr/bin/git remote add origin https://github.com/jiayuwee/advanced-tools-navigation
2025-09-24T00:53:44.2168464Z ##[endgroup]
2025-09-24T00:53:44.2169190Z ##[group]Disabling automatic garbage collection
2025-09-24T00:53:44.2173244Z [command]/usr/bin/git config --local gc.auto 0
2025-09-24T00:53:44.2204895Z ##[endgroup]
2025-09-24T00:53:44.2205570Z ##[group]Setting up auth
2025-09-24T00:53:44.2212286Z [command]/usr/bin/git config --local --name-only --get-regexp core\.sshCommand
2025-09-24T00:53:44.2244064Z [command]/usr/bin/git submodule foreach --recursive sh -c "git config --local --name-only --get-regexp 'core\.sshCommand' && git config --local --unset-all 'core.sshCommand' || :"
2025-09-24T00:53:44.2594493Z [command]/usr/bin/git config --local --name-only --get-regexp http\.https\:\/\/github\.com\/\.extraheader
2025-09-24T00:53:44.2624585Z [command]/usr/bin/git submodule foreach --recursive sh -c "git config --local --name-only --get-regexp 'http\.https\:\/\/github\.com\/\.extraheader' && git config --local --unset-all 'http.https://github.com/.extraheader' || :"
2025-09-24T00:53:44.2856326Z [command]/usr/bin/git config --local http.https://github.com/.extraheader AUTHORIZATION: basic ***
2025-09-24T00:53:44.2894799Z ##[endgroup]
2025-09-24T00:53:44.2895511Z ##[group]Fetching the repository
2025-09-24T00:53:44.2918675Z [command]/usr/bin/git -c protocol.version=2 fetch --prune --no-recurse-submodules origin +refs/heads/*:refs/remotes/origin/* +refs/tags/*:refs/tags/*
2025-09-24T00:53:44.9087543Z From https://github.com/jiayuwee/advanced-tools-navigation
2025-09-24T00:53:44.9092309Z  * [new branch]      gh-pages   -> origin/gh-pages
2025-09-24T00:53:44.9093540Z  * [new branch]      main       -> origin/main
2025-09-24T00:53:44.9094954Z  * [new branch]      main-backup-before-filter -> origin/main-backup-before-filter
2025-09-24T00:53:44.9129938Z [command]/usr/bin/git branch --list --remote origin/main
2025-09-24T00:53:44.9152991Z   origin/main
2025-09-24T00:53:44.9163874Z [command]/usr/bin/git rev-parse refs/remotes/origin/main
2025-09-24T00:53:44.9184795Z d5978a8ad38590e36535b7c529028d545516fc0a
2025-09-24T00:53:44.9192432Z ##[endgroup]
2025-09-24T00:53:44.9193688Z ##[group]Determining the checkout info
2025-09-24T00:53:44.9195164Z ##[endgroup]
2025-09-24T00:53:44.9197697Z [command]/usr/bin/git sparse-checkout disable
2025-09-24T00:53:44.9240030Z [command]/usr/bin/git config --local --unset-all extensions.worktreeConfig
2025-09-24T00:53:44.9266836Z ##[group]Checking out the ref
2025-09-24T00:53:44.9271587Z [command]/usr/bin/git checkout --progress --force -B main refs/remotes/origin/main
2025-09-24T00:53:44.9717072Z Switched to a new branch 'main'
2025-09-24T00:53:44.9720238Z branch 'main' set up to track 'origin/main'.
2025-09-24T00:53:44.9729515Z ##[endgroup]
2025-09-24T00:53:44.9766344Z [command]/usr/bin/git log -1 --format=%H
2025-09-24T00:53:44.9787850Z d5978a8ad38590e36535b7c529028d545516fc0a
2025-09-24T00:53:45.0064867Z ##[group]Run actions/setup-node@v4
2025-09-24T00:53:45.0065939Z with:
2025-09-24T00:53:45.0066720Z   node-version: 20.x
2025-09-24T00:53:45.0067623Z   cache: npm
2025-09-24T00:53:45.0068525Z   cache-dependency-path: package-lock.json
2025-09-24T00:53:45.0069656Z   always-auth: false
2025-09-24T00:53:45.0070566Z   check-latest: false
2025-09-24T00:53:45.0072225Z   token: ***
2025-09-24T00:53:45.0073040Z env:
2025-09-24T00:53:45.0073816Z   NODE_VERSION: 20.x
2025-09-24T00:53:45.0074777Z   CACHE_VERSION: v3
2025-09-24T00:53:45.0075903Z ##[endgroup]
2025-09-24T00:53:45.2300973Z Found in cache @ /opt/hostedtoolcache/node/20.19.5/x64
2025-09-24T00:53:45.2308741Z ##[group]Environment details
2025-09-24T00:53:50.9770066Z node: v20.19.5
2025-09-24T00:53:50.9770369Z npm: 10.8.2
2025-09-24T00:53:50.9770760Z yarn: 1.22.22
2025-09-24T00:53:50.9772186Z ##[endgroup]
2025-09-24T00:53:50.9795624Z [command]/opt/hostedtoolcache/node/20.19.5/x64/bin/npm config get cache
2025-09-24T00:53:51.4129761Z /home/runner/.npm
2025-09-24T00:53:51.5598349Z Cache hit for: node-cache-Linux-x64-npm-3286e3e9d3da300b733282ad1052d9b8ad8f04c17477e7b8b39e333cd703d1ef
2025-09-24T00:53:52.5072129Z Received 41633190 of 41633190 (100.0%), 48.7 MBs/sec
2025-09-24T00:53:52.5076202Z Cache Size: ~40 MB (41633190 B)
2025-09-24T00:53:52.5177801Z [command]/usr/bin/tar -xf /home/runner/work/_temp/25fee3d7-51a5-4649-afb9-1c2df277474a/cache.tzst -P -C /home/runner/work/advanced-tools-navigation/advanced-tools-navigation --use-compress-program unzstd
2025-09-24T00:53:52.6920146Z Cache restored successfully
2025-09-24T00:53:52.7014443Z Cache restored from key: node-cache-Linux-x64-npm-3286e3e9d3da300b733282ad1052d9b8ad8f04c17477e7b8b39e333cd703d1ef
2025-09-24T00:53:52.7149257Z ##[group]Run echo "📦 安装依赖..."
2025-09-24T00:53:52.7149592Z [36;1mecho "📦 安装依赖..."[0m
2025-09-24T00:53:52.7149843Z [36;1m# 设置npm配置以提高稳定性[0m
2025-09-24T00:53:52.7150106Z [36;1mnpm config set prefer-offline true[0m
2025-09-24T00:53:52.7150413Z [36;1mnpm config set audit-level moderate[0m
2025-09-24T00:53:52.7150691Z [36;1mnpm config set fund false[0m
2025-09-24T00:53:52.7150956Z [36;1mnpm config set update-notifier false[0m
2025-09-24T00:53:52.7151208Z [36;1m[0m
2025-09-24T00:53:52.7151792Z [36;1m# 清理缓存以避免平台兼容性问题[0m
2025-09-24T00:53:52.7152222Z [36;1mnpm cache clean --force 2>/dev/null || true[0m
2025-09-24T00:53:52.7152553Z [36;1m[0m
2025-09-24T00:53:52.7152736Z [36;1m# 优先使用 npm ci 进行快速安装[0m
2025-09-24T00:53:52.7152977Z [36;1mif [ -f "package-lock.json" ]; then[0m
2025-09-24T00:53:52.7153248Z [36;1m  echo "使用 npm ci 进行快速安装..."[0m
2025-09-24T00:53:52.7153593Z [36;1m  npm ci --prefer-offline --no-audit --ignore-scripts --silent[0m
2025-09-24T00:53:52.7153997Z [36;1melse[0m
2025-09-24T00:53:52.7154232Z [36;1m  echo "package-lock.json 不存在，使用 npm install..."[0m
2025-09-24T00:53:52.7154649Z [36;1m  npm install --prefer-offline --no-audit --ignore-scripts --silent[0m
2025-09-24T00:53:52.7155035Z [36;1mfi[0m
2025-09-24T00:53:52.7155199Z [36;1m[0m
2025-09-24T00:53:52.7155473Z [36;1mecho "📋 已安装的包数量: $(npm list --depth=0 2>/dev/null | grep -c '├\|└' || echo '未知')"[0m
2025-09-24T00:53:52.7155825Z [36;1mecho "✅ 依赖安装完成"[0m
2025-09-24T00:53:52.7317592Z shell: /usr/bin/bash -e {0}
2025-09-24T00:53:52.7317872Z env:
2025-09-24T00:53:52.7318055Z   NODE_VERSION: 20.x
2025-09-24T00:53:52.7318253Z   CACHE_VERSION: v3
2025-09-24T00:53:52.7318440Z ##[endgroup]
2025-09-24T00:53:52.7395443Z 📦 安装依赖...
2025-09-24T00:53:57.3454827Z 使用 npm ci 进行快速安装...
2025-09-24T00:54:10.7477356Z 📋 已安装的包数量: 41
2025-09-24T00:54:10.7477838Z ✅ 依赖安装完成
2025-09-24T00:54:10.7509032Z ##[group]Run echo "🔍 运行 ESLint 检查..."
2025-09-24T00:54:10.7510103Z [36;1mecho "🔍 运行 ESLint 检查..."[0m
2025-09-24T00:54:10.7510345Z [36;1mnpm run lint[0m
2025-09-24T00:54:10.7510553Z [36;1mecho "✅ ESLint 检查通过"[0m
2025-09-24T00:54:10.7542627Z shell: /usr/bin/bash -e {0}
2025-09-24T00:54:10.7542851Z env:
2025-09-24T00:54:10.7543025Z   NODE_VERSION: 20.x
2025-09-24T00:54:10.7543223Z   CACHE_VERSION: v3
2025-09-24T00:54:10.7543402Z ##[endgroup]
2025-09-24T00:54:10.7594539Z 🔍 运行 ESLint 检查...
2025-09-24T00:54:10.8692656Z 
2025-09-24T00:54:10.8693224Z > advanced-tools-navigation@1.0.0 lint
2025-09-24T00:54:10.8694262Z > eslint . --ext .vue,.js,.jsx,.cjs,.mjs,.ts,.tsx,.cts,.mts --fix --ignore-path .gitignore
2025-09-24T00:54:10.8694850Z 
2025-09-24T00:54:19.4687907Z 
2025-09-24T00:54:19.4689204Z /home/runner/work/advanced-tools-navigation/advanced-tools-navigation/src/components/admin/ToolForm.vue
2025-09-24T00:54:19.4716320Z ##[warning]  159:3  warning  Prop 'tool' requires default value to be set  vue/require-default-prop
2025-09-24T00:54:19.4723491Z 
2025-09-24T00:54:19.4724362Z /home/runner/work/advanced-tools-navigation/advanced-tools-navigation/src/components/admin/UserDetailModal.vue
2025-09-24T00:54:19.4725849Z ##[warning]  372:33  warning  Unexpected any. Specify a different type  @typescript-eslint/no-explicit-any
2025-09-24T00:54:19.4726652Z 
2025-09-24T00:54:19.4727164Z /home/runner/work/advanced-tools-navigation/advanced-tools-navigation/src/components/common/LazyComponent.vue
2025-09-24T00:54:19.4728282Z ##[warning]   58:34  warning  Unexpected any. Specify a different type                @typescript-eslint/no-explicit-any
2025-09-24T00:54:19.4729628Z ##[warning]   60:3   warning  Prop 'componentProps' requires default value to be set  vue/require-default-prop
2025-09-24T00:54:19.4730944Z ##[warning]   60:35  warning  Unexpected any. Specify a different type                @typescript-eslint/no-explicit-any
2025-09-24T00:54:19.4732626Z ##[warning]   94:23  warning  Unexpected any. Specify a different type                @typescript-eslint/no-explicit-any
2025-09-24T00:54:19.4733989Z ##[warning]  134:27  warning  Unexpected any. Specify a different type                @typescript-eslint/no-explicit-any
2025-09-24T00:54:19.4734746Z 
2025-09-24T00:54:19.4735189Z /home/runner/work/advanced-tools-navigation/advanced-tools-navigation/src/components/common/LazyImage.vue
2025-09-24T00:54:19.4736127Z ##[warning]  66:3  warning  Prop 'placeholder' requires default value to be set  vue/require-default-prop
2025-09-24T00:54:19.4737349Z ##[warning]  70:3  warning  Prop 'width' requires default value to be set        vue/require-default-prop
2025-09-24T00:54:19.4738581Z ##[warning]  71:3  warning  Prop 'height' requires default value to be set       vue/require-default-prop
2025-09-24T00:54:19.4739809Z ##[warning]  85:3  warning  Prop 'srcset' requires default value to be set       vue/require-default-prop
2025-09-24T00:54:19.4741033Z ##[warning]  87:3  warning  Prop 'sizes' requires default value to be set        vue/require-default-prop
2025-09-24T00:54:19.4742078Z 
2025-09-24T00:54:19.4742651Z /home/runner/work/advanced-tools-navigation/advanced-tools-navigation/src/components/notifications/NotificationCenter.vue
2025-09-24T00:54:19.4743725Z ##[warning]  189:20  warning  Unexpected any. Specify a different type  @typescript-eslint/no-explicit-any
2025-09-24T00:54:19.4744493Z 
2025-09-24T00:54:19.4744983Z /home/runner/work/advanced-tools-navigation/advanced-tools-navigation/src/components/search/EnhancedSearchBox.vue
2025-09-24T00:54:19.4745979Z ##[warning]  285:38  warning  Unexpected any. Specify a different type  @typescript-eslint/no-explicit-any
2025-09-24T00:54:19.4747234Z ##[warning]  336:43  warning  Unexpected any. Specify a different type  @typescript-eslint/no-explicit-any
2025-09-24T00:54:19.4748472Z ##[warning]  430:33  warning  Unexpected any. Specify a different type  @typescript-eslint/no-explicit-any
2025-09-24T00:54:19.4749932Z ##[warning]  440:39  warning  Unexpected any. Specify a different type  @typescript-eslint/no-explicit-any
2025-09-24T00:54:19.4751660Z ##[warning]  441:45  warning  Unexpected any. Specify a different type  @typescript-eslint/no-explicit-any
2025-09-24T00:54:19.4752447Z 
2025-09-24T00:54:19.4752901Z /home/runner/work/advanced-tools-navigation/advanced-tools-navigation/src/composables/useAdvancedSearch.ts
2025-09-24T00:54:19.4753880Z ##[warning]   39:48  warning  Unexpected any. Specify a different type  @typescript-eslint/no-explicit-any
2025-09-24T00:54:19.4755106Z ##[warning]  250:32  warning  Unexpected any. Specify a different type  @typescript-eslint/no-explicit-any
2025-09-24T00:54:19.4756365Z ##[warning]  250:52  warning  Unexpected any. Specify a different type  @typescript-eslint/no-explicit-any
2025-09-24T00:54:19.4757557Z ##[warning]  254:33  warning  Unexpected any. Specify a different type  @typescript-eslint/no-explicit-any
2025-09-24T00:54:19.4758340Z 
2025-09-24T00:54:19.4758786Z /home/runner/work/advanced-tools-navigation/advanced-tools-navigation/src/composables/useLazyLoading.ts
2025-09-24T00:54:19.4759693Z ##[warning]  142:41  warning  Unexpected any. Specify a different type  @typescript-eslint/no-explicit-any
2025-09-24T00:54:19.4760994Z ##[warning]  147:28  warning  Unexpected any. Specify a different type  @typescript-eslint/no-explicit-any
2025-09-24T00:54:19.4761948Z 
2025-09-24T00:54:19.4762356Z /home/runner/work/advanced-tools-navigation/advanced-tools-navigation/src/lib/supabaseClient.ts
2025-09-24T00:54:19.4763276Z ##[warning]   51:44  warning  Unexpected any. Specify a different type  @typescript-eslint/no-explicit-any
2025-09-24T00:54:19.4764490Z ##[warning]  144:57  warning  Unexpected any. Specify a different type  @typescript-eslint/no-explicit-any
2025-09-24T00:54:19.4765682Z ##[warning]  144:71  warning  Unexpected any. Specify a different type  @typescript-eslint/no-explicit-any
2025-09-24T00:54:19.4766860Z ##[warning]  145:54  warning  Unexpected any. Specify a different type  @typescript-eslint/no-explicit-any
2025-09-24T00:54:19.4768104Z ##[warning]  161:9   warning  Unexpected any. Specify a different type  @typescript-eslint/no-explicit-any
2025-09-24T00:54:19.4769334Z ##[warning]  162:12  warning  Unexpected any. Specify a different type  @typescript-eslint/no-explicit-any
2025-09-24T00:54:19.4770584Z ##[warning]  163:54  warning  Unexpected any. Specify a different type  @typescript-eslint/no-explicit-any
2025-09-24T00:54:19.4772106Z ##[warning]  179:20  warning  Unexpected any. Specify a different type  @typescript-eslint/no-explicit-any
2025-09-24T00:54:19.4773395Z ##[warning]  190:20  warning  Unexpected any. Specify a different type  @typescript-eslint/no-explicit-any
2025-09-24T00:54:19.4774614Z ##[warning]  206:29  warning  Unexpected any. Specify a different type  @typescript-eslint/no-explicit-any
2025-09-24T00:54:19.4775825Z ##[warning]  212:38  warning  Unexpected any. Specify a different type  @typescript-eslint/no-explicit-any
2025-09-24T00:54:19.4776556Z 
2025-09-24T00:54:19.4776975Z /home/runner/work/advanced-tools-navigation/advanced-tools-navigation/src/services/authService.ts
2025-09-24T00:54:19.4777897Z ##[warning]   10:37  warning  Unexpected any. Specify a different type  @typescript-eslint/no-explicit-any
2025-09-24T00:54:19.4779103Z ##[warning]   41:37  warning  Unexpected any. Specify a different type  @typescript-eslint/no-explicit-any
2025-09-24T00:54:19.4780297Z ##[warning]  172:23  warning  Unexpected any. Specify a different type  @typescript-eslint/no-explicit-any
2025-09-24T00:54:19.4781694Z ##[warning]  203:38  warning  Unexpected any. Specify a different type  @typescript-eslint/no-explicit-any
2025-09-24T00:54:19.4782967Z ##[warning]  216:42  warning  Unexpected any. Specify a different type  @typescript-eslint/no-explicit-any
2025-09-24T00:54:19.4784174Z ##[warning]  240:63  warning  Unexpected any. Specify a different type  @typescript-eslint/no-explicit-any
2025-09-24T00:54:19.4784904Z 
2025-09-24T00:54:19.4785518Z /home/runner/work/advanced-tools-navigation/advanced-tools-navigation/src/services/categoriesService.ts
2025-09-24T00:54:19.4786449Z ##[warning]  87:25  warning  Unexpected any. Specify a different type  @typescript-eslint/no-explicit-any
2025-09-24T00:54:19.4787322Z 
2025-09-24T00:54:19.4787752Z /home/runner/work/advanced-tools-navigation/advanced-tools-navigation/src/services/favoritesService.ts
2025-09-24T00:54:19.4788660Z ##[warning]   83:77  warning  Unexpected any. Specify a different type  @typescript-eslint/no-explicit-any
2025-09-24T00:54:19.4789854Z ##[warning]   95:18  warning  Unexpected any. Specify a different type  @typescript-eslint/no-explicit-any
2025-09-24T00:54:19.4791042Z ##[warning]   97:75  warning  Unexpected any. Specify a different type  @typescript-eslint/no-explicit-any
2025-09-24T00:54:19.4792505Z ##[warning]  110:45  warning  Unexpected any. Specify a different type  @typescript-eslint/no-explicit-any
2025-09-24T00:54:19.4793742Z ##[warning]  172:50  warning  Unexpected any. Specify a different type  @typescript-eslint/no-explicit-any
2025-09-24T00:54:19.4794955Z ##[warning]  209:50  warning  Unexpected any. Specify a different type  @typescript-eslint/no-explicit-any
2025-09-24T00:54:19.4796155Z ##[warning]  349:44  warning  Unexpected any. Specify a different type  @typescript-eslint/no-explicit-any
2025-09-24T00:54:19.4797353Z ##[warning]  361:41  warning  Unexpected any. Specify a different type  @typescript-eslint/no-explicit-any
2025-09-24T00:54:19.4798080Z 
2025-09-24T00:54:19.4798506Z /home/runner/work/advanced-tools-navigation/advanced-tools-navigation/src/services/feedbackService.ts
2025-09-24T00:54:19.4799371Z ##[warning]   26:17  warning  Unexpected any. Specify a different type  @typescript-eslint/no-explicit-any
2025-09-24T00:54:19.4800571Z ##[warning]  224:25  warning  Unexpected any. Specify a different type  @typescript-eslint/no-explicit-any
2025-09-24T00:54:19.4801994Z ##[warning]  261:25  warning  Unexpected any. Specify a different type  @typescript-eslint/no-explicit-any
2025-09-24T00:54:19.4802783Z 
2025-09-24T00:54:19.4803232Z /home/runner/work/advanced-tools-navigation/advanced-tools-navigation/src/services/localStorageService.ts
2025-09-24T00:54:19.4804134Z ##[warning]  47:9  warning  Unexpected any. Specify a different type  @typescript-eslint/no-explicit-any
2025-09-24T00:54:19.4804867Z 
2025-09-24T00:54:19.4805323Z /home/runner/work/advanced-tools-navigation/advanced-tools-navigation/src/services/notificationService.ts
2025-09-24T00:54:19.4806231Z ##[warning]  21:29  warning  Unexpected any. Specify a different type  @typescript-eslint/no-explicit-any
2025-09-24T00:54:19.4807429Z ##[warning]  51:29  warning  Unexpected any. Specify a different type  @typescript-eslint/no-explicit-any
2025-09-24T00:54:19.4808152Z 
2025-09-24T00:54:19.4808566Z /home/runner/work/advanced-tools-navigation/advanced-tools-navigation/src/services/orderService.ts
2025-09-24T00:54:19.4809846Z ##[warning]   36:7   warning  Use "@ts-expect-error" instead of "@ts-ignore", as "@ts-ignore" will do nothing if the following line is error-free  @typescript-eslint/ban-ts-comment
2025-09-24T00:54:19.4811655Z ##[warning]   48:39  warning  Unexpected any. Specify a different type                                                                             @typescript-eslint/no-explicit-any
2025-09-24T00:54:19.4813213Z ##[warning]   51:30  warning  Unexpected any. Specify a different type                                                                             @typescript-eslint/no-explicit-any
2025-09-24T00:54:19.4814848Z ##[warning]   59:7   warning  Use "@ts-expect-error" instead of "@ts-ignore", as "@ts-ignore" will do nothing if the following line is error-free  @typescript-eslint/ban-ts-comment
2025-09-24T00:54:19.4816405Z ##[warning]   70:34  warning  Unexpected any. Specify a different type                                                                             @typescript-eslint/no-explicit-any
2025-09-24T00:54:19.4817997Z ##[warning]   71:29  warning  Unexpected any. Specify a different type                                                                             @typescript-eslint/no-explicit-any
2025-09-24T00:54:19.4819489Z ##[warning]   74:33  warning  Unexpected any. Specify a different type                                                                             @typescript-eslint/no-explicit-any
2025-09-24T00:54:19.4821581Z ##[warning]   78:7   warning  Use "@ts-expect-error" instead of "@ts-ignore", as "@ts-ignore" will do nothing if the following line is error-free  @typescript-eslint/ban-ts-comment
2025-09-24T00:54:19.4823325Z ##[warning]   89:23  warning  Unexpected any. Specify a different type                                                                             @typescript-eslint/no-explicit-any
2025-09-24T00:54:19.4824832Z ##[warning]   90:28  warning  Unexpected any. Specify a different type                                                                             @typescript-eslint/no-explicit-any
2025-09-24T00:54:19.4826265Z ##[warning]   93:31  warning  Unexpected any. Specify a different type                                                                             @typescript-eslint/no-explicit-any
2025-09-24T00:54:19.4827702Z ##[warning]   94:33  warning  Unexpected any. Specify a different type                                                                             @typescript-eslint/no-explicit-any
2025-09-24T00:54:19.4829151Z ##[warning]   97:37  warning  Unexpected any. Specify a different type                                                                             @typescript-eslint/no-explicit-any
2025-09-24T00:54:19.4830596Z ##[warning]   99:39  warning  Unexpected any. Specify a different type                                                                             @typescript-eslint/no-explicit-any
2025-09-24T00:54:19.4832320Z ##[warning]  101:31  warning  Unexpected any. Specify a different type                                                                             @typescript-eslint/no-explicit-any
2025-09-24T00:54:19.4833787Z ##[warning]  102:33  warning  Unexpected any. Specify a different type                                                                             @typescript-eslint/no-explicit-any
2025-09-24T00:54:19.4835291Z ##[warning]  105:34  warning  Unexpected any. Specify a different type                                                                             @typescript-eslint/no-explicit-any
2025-09-24T00:54:19.4836719Z ##[warning]  111:39  warning  Unexpected any. Specify a different type                                                                             @typescript-eslint/no-explicit-any
2025-09-24T00:54:19.4838147Z ##[warning]  119:29  warning  Unexpected any. Specify a different type                                                                             @typescript-eslint/no-explicit-any
2025-09-24T00:54:19.4839581Z ##[warning]  120:27  warning  Unexpected any. Specify a different type                                                                             @typescript-eslint/no-explicit-any
2025-09-24T00:54:19.4841019Z ##[warning]  125:35  warning  Unexpected any. Specify a different type                                                                             @typescript-eslint/no-explicit-any
2025-09-24T00:54:19.4842757Z ##[warning]  126:31  warning  Unexpected any. Specify a different type                                                                             @typescript-eslint/no-explicit-any
2025-09-24T00:54:19.4844204Z ##[warning]  128:31  warning  Unexpected any. Specify a different type                                                                             @typescript-eslint/no-explicit-any
2025-09-24T00:54:19.4845681Z ##[warning]  129:31  warning  Unexpected any. Specify a different type                                                                             @typescript-eslint/no-explicit-any
2025-09-24T00:54:19.4847106Z ##[warning]  130:33  warning  Unexpected any. Specify a different type                                                                             @typescript-eslint/no-explicit-any
2025-09-24T00:54:19.4848672Z ##[warning]  141:30  warning  Unexpected any. Specify a different type                                                                             @typescript-eslint/no-explicit-any
2025-09-24T00:54:19.4850465Z ##[warning]  149:7   warning  Use "@ts-expect-error" instead of "@ts-ignore", as "@ts-ignore" will do nothing if the following line is error-free  @typescript-eslint/ban-ts-comment
2025-09-24T00:54:19.4852380Z ##[warning]  159:32  warning  Unexpected any. Specify a different type                                                                             @typescript-eslint/no-explicit-any
2025-09-24T00:54:19.4854038Z ##[warning]  170:7   warning  Use "@ts-expect-error" instead of "@ts-ignore", as "@ts-ignore" will do nothing if the following line is error-free  @typescript-eslint/ban-ts-comment
2025-09-24T00:54:19.4855617Z ##[warning]  232:39  warning  Unexpected any. Specify a different type                                                                             @typescript-eslint/no-explicit-any
2025-09-24T00:54:19.4857066Z ##[warning]  236:41  warning  Unexpected any. Specify a different type                                                                             @typescript-eslint/no-explicit-any
2025-09-24T00:54:19.4858511Z ##[warning]  340:40  warning  Unexpected any. Specify a different type                                                                             @typescript-eslint/no-explicit-any
2025-09-24T00:54:19.4859945Z ##[warning]  462:47  warning  Unexpected any. Specify a different type                                                                             @typescript-eslint/no-explicit-any
2025-09-24T00:54:19.4861658Z ##[warning]  474:41  warning  Unexpected any. Specify a different type                                                                             @typescript-eslint/no-explicit-any
2025-09-24T00:54:19.4863257Z ##[warning]  542:25  warning  Unexpected any. Specify a different type                                                                             @typescript-eslint/no-explicit-any
2025-09-24T00:54:19.4864700Z ##[warning]  688:29  warning  Unexpected any. Specify a different type                                                                             @typescript-eslint/no-explicit-any
2025-09-24T00:54:19.4866136Z ##[warning]  689:43  warning  Unexpected any. Specify a different type                                                                             @typescript-eslint/no-explicit-any
2025-09-24T00:54:19.4866914Z 
2025-09-24T00:54:19.4867349Z /home/runner/work/advanced-tools-navigation/advanced-tools-navigation/src/services/productsService.ts
2025-09-24T00:54:19.4868282Z ##[warning]  169:50  warning  Unexpected any. Specify a different type  @typescript-eslint/no-explicit-any
2025-09-24T00:54:19.4869505Z ##[warning]  306:35  warning  Unexpected any. Specify a different type  @typescript-eslint/no-explicit-any
2025-09-24T00:54:19.4870239Z 
2025-09-24T00:54:19.4870658Z /home/runner/work/advanced-tools-navigation/advanced-tools-navigation/src/services/reviewService.ts
2025-09-24T00:54:19.4871956Z ##[warning]    2:1   warning  Do not use "@ts-nocheck" because it alters compilation errors  @typescript-eslint/ban-ts-comment
2025-09-24T00:54:19.4873422Z ##[warning]  492:43  warning  Unexpected any. Specify a different type                       @typescript-eslint/no-explicit-any
2025-09-24T00:54:19.4874780Z ##[warning]  495:14  warning  Unexpected any. Specify a different type                       @typescript-eslint/no-explicit-any
2025-09-24T00:54:19.4876121Z ##[warning]  544:14  warning  Unexpected any. Specify a different type                       @typescript-eslint/no-explicit-any
2025-09-24T00:54:19.4876867Z 
2025-09-24T00:54:19.4877301Z /home/runner/work/advanced-tools-navigation/advanced-tools-navigation/src/services/toolsService.ts
2025-09-24T00:54:19.4878209Z ##[warning]  447:40  warning  Unexpected any. Specify a different type  @typescript-eslint/no-explicit-any
2025-09-24T00:54:19.4878950Z 
2025-09-24T00:54:19.4879462Z /home/runner/work/advanced-tools-navigation/advanced-tools-navigation/src/stores/auth.ts
2025-09-24T00:54:19.4880488Z ##[warning]  119:17  warning  Unexpected any. Specify a different type  @typescript-eslint/no-explicit-any
2025-09-24T00:54:19.4881371Z 
2025-09-24T00:54:19.4881782Z /home/runner/work/advanced-tools-navigation/advanced-tools-navigation/src/stores/categories.ts
2025-09-24T00:54:19.4882658Z ##[warning]  144:17  warning  Unexpected any. Specify a different type  @typescript-eslint/no-explicit-any
2025-09-24T00:54:19.4883393Z 
2025-09-24T00:54:19.4883776Z /home/runner/work/advanced-tools-navigation/advanced-tools-navigation/src/stores/products.ts
2025-09-24T00:54:19.4884637Z ##[warning]  170:35  warning  Unexpected any. Specify a different type  @typescript-eslint/no-explicit-any
2025-09-24T00:54:19.4885842Z ##[warning]  191:24  warning  Unexpected any. Specify a different type  @typescript-eslint/no-explicit-any
2025-09-24T00:54:19.4886567Z 
2025-09-24T00:54:19.4886936Z /home/runner/work/advanced-tools-navigation/advanced-tools-navigation/src/stores/tools.ts
2025-09-24T00:54:19.4887779Z ##[warning]  216:17  warning  Unexpected any. Specify a different type  @typescript-eslint/no-explicit-any
2025-09-24T00:54:19.4888985Z ##[warning]  381:36  warning  Unexpected any. Specify a different type  @typescript-eslint/no-explicit-any
2025-09-24T00:54:19.4889704Z 
2025-09-24T00:54:19.4890065Z /home/runner/work/advanced-tools-navigation/advanced-tools-navigation/src/tests/setup.ts
2025-09-24T00:54:19.4890939Z ##[warning]   28:8   warning  Unexpected any. Specify a different type  @typescript-eslint/no-explicit-any
2025-09-24T00:54:19.4892296Z ##[warning]   47:43  warning  Unexpected any. Specify a different type  @typescript-eslint/no-explicit-any
2025-09-24T00:54:19.4893484Z ##[warning]   56:47  warning  Unexpected any. Specify a different type  @typescript-eslint/no-explicit-any
2025-09-24T00:54:19.4894676Z ##[warning]  127:6   warning  Unexpected any. Specify a different type  @typescript-eslint/no-explicit-any
2025-09-24T00:54:19.4895861Z ##[warning]  140:8   warning  Unexpected any. Specify a different type  @typescript-eslint/no-explicit-any
2025-09-24T00:54:19.4897058Z ##[warning]  149:8   warning  Unexpected any. Specify a different type  @typescript-eslint/no-explicit-any
2025-09-24T00:54:19.4898238Z ##[warning]  155:27  warning  Unexpected any. Specify a different type  @typescript-eslint/no-explicit-any
2025-09-24T00:54:19.4899429Z ##[warning]  165:26  warning  Unexpected any. Specify a different type  @typescript-eslint/no-explicit-any
2025-09-24T00:54:19.4900152Z 
2025-09-24T00:54:19.4900526Z /home/runner/work/advanced-tools-navigation/advanced-tools-navigation/src/types/global.d.ts
2025-09-24T00:54:19.4901621Z ##[warning]  3:39  warning  Unexpected any. Specify a different type  @typescript-eslint/no-explicit-any
2025-09-24T00:54:19.4902442Z 
2025-09-24T00:54:19.4902866Z /home/runner/work/advanced-tools-navigation/advanced-tools-navigation/src/utils/cacheManager.ts
2025-09-24T00:54:19.4903824Z ##[warning]    8:32  warning  Unexpected any. Specify a different type  @typescript-eslint/no-explicit-any
2025-09-24T00:54:19.4905064Z ##[warning]  307:47  warning  Unexpected any. Specify a different type  @typescript-eslint/no-explicit-any
2025-09-24T00:54:19.4906264Z ##[warning]  307:65  warning  Unexpected any. Specify a different type  @typescript-eslint/no-explicit-any
2025-09-24T00:54:19.4906984Z 
2025-09-24T00:54:19.4907395Z /home/runner/work/advanced-tools-navigation/advanced-tools-navigation/src/utils/connectionTest.ts
2025-09-24T00:54:19.4908269Z ##[warning]   11:13  warning  Unexpected any. Specify a different type  @typescript-eslint/no-explicit-any
2025-09-24T00:54:19.4909451Z ##[warning]   76:21  warning  Unexpected any. Specify a different type  @typescript-eslint/no-explicit-any
2025-09-24T00:54:19.4910631Z ##[warning]  130:19  warning  Unexpected any. Specify a different type  @typescript-eslint/no-explicit-any
2025-09-24T00:54:19.4911486Z 
2025-09-24T00:54:19.4912034Z /home/runner/work/advanced-tools-navigation/advanced-tools-navigation/src/utils/dataTransform.ts
2025-09-24T00:54:19.4912932Z ##[warning]   11:41  warning  Unexpected any. Specify a different type  @typescript-eslint/no-explicit-any
2025-09-24T00:54:19.4914284Z ##[warning]   37:41  warning  Unexpected any. Specify a different type  @typescript-eslint/no-explicit-any
2025-09-24T00:54:19.4915478Z ##[warning]   53:37  warning  Unexpected any. Specify a different type  @typescript-eslint/no-explicit-any
2025-09-24T00:54:19.4916665Z ##[warning]   79:37  warning  Unexpected any. Specify a different type  @typescript-eslint/no-explicit-any
2025-09-24T00:54:19.4917855Z ##[warning]   96:13  warning  Unexpected any. Specify a different type  @typescript-eslint/no-explicit-any
2025-09-24T00:54:19.4919024Z ##[warning]   97:51  warning  Unexpected any. Specify a different type  @typescript-eslint/no-explicit-any
2025-09-24T00:54:19.4920207Z ##[warning]   97:59  warning  Unexpected any. Specify a different type  @typescript-eslint/no-explicit-any
2025-09-24T00:54:19.4921512Z ##[warning]   98:19  warning  Unexpected any. Specify a different type  @typescript-eslint/no-explicit-any
2025-09-24T00:54:19.4922735Z ##[warning]   99:32  warning  Unexpected any. Specify a different type  @typescript-eslint/no-explicit-any
2025-09-24T00:54:19.4923960Z ##[warning]  128:10  warning  Unexpected any. Specify a different type  @typescript-eslint/no-explicit-any
2025-09-24T00:54:19.4925149Z ##[warning]  129:51  warning  Unexpected any. Specify a different type  @typescript-eslint/no-explicit-any
2025-09-24T00:54:19.4926336Z ##[warning]  129:59  warning  Unexpected any. Specify a different type  @typescript-eslint/no-explicit-any
2025-09-24T00:54:19.4927530Z ##[warning]  130:19  warning  Unexpected any. Specify a different type  @typescript-eslint/no-explicit-any
2025-09-24T00:54:19.4928717Z ##[warning]  131:32  warning  Unexpected any. Specify a different type  @typescript-eslint/no-explicit-any
2025-09-24T00:54:19.4929928Z ##[warning]  160:9   warning  Unexpected any. Specify a different type  @typescript-eslint/no-explicit-any
2025-09-24T00:54:19.4931115Z ##[warning]  184:48  warning  Unexpected any. Specify a different type  @typescript-eslint/no-explicit-any
2025-09-24T00:54:19.4932452Z ##[warning]  184:70  warning  Unexpected any. Specify a different type  @typescript-eslint/no-explicit-any
2025-09-24T00:54:19.4933659Z ##[warning]  185:32  warning  Unexpected any. Specify a different type  @typescript-eslint/no-explicit-any
2025-09-24T00:54:19.4934871Z ##[warning]  202:35  warning  Unexpected any. Specify a different type  @typescript-eslint/no-explicit-any
2025-09-24T00:54:19.4936067Z ##[warning]  202:48  warning  Unexpected any. Specify a different type  @typescript-eslint/no-explicit-any
2025-09-24T00:54:19.4937259Z ##[warning]  202:54  warning  Unexpected any. Specify a different type  @typescript-eslint/no-explicit-any
2025-09-24T00:54:19.4938459Z ##[warning]  228:43  warning  Unexpected any. Specify a different type  @typescript-eslint/no-explicit-any
2025-09-24T00:54:19.4939664Z ##[warning]  252:18  warning  Unexpected any. Specify a different type  @typescript-eslint/no-explicit-any
2025-09-24T00:54:19.4940397Z 
2025-09-24T00:54:19.4940796Z /home/runner/work/advanced-tools-navigation/advanced-tools-navigation/src/utils/errorHandler.ts
2025-09-24T00:54:19.4941915Z ##[warning]    9:11  warning  Unexpected any. Specify a different type  @typescript-eslint/no-explicit-any
2025-09-24T00:54:19.4943245Z ##[warning]   11:13  warning  Unexpected any. Specify a different type  @typescript-eslint/no-explicit-any
2025-09-24T00:54:19.4944461Z ##[warning]   16:12  warning  Unexpected any. Specify a different type  @typescript-eslint/no-explicit-any
2025-09-24T00:54:19.4945668Z ##[warning]  222:43  warning  Unexpected any. Specify a different type  @typescript-eslint/no-explicit-any
2025-09-24T00:54:19.4946398Z 
2025-09-24T00:54:19.4946785Z /home/runner/work/advanced-tools-navigation/advanced-tools-navigation/src/utils/validation.ts
2025-09-24T00:54:19.4947780Z ##[warning]   10:20  warning  Unexpected any. Specify a different type  @typescript-eslint/no-explicit-any
2025-09-24T00:54:19.4949141Z ##[warning]   32:33  warning  Unexpected any. Specify a different type  @typescript-eslint/no-explicit-any
2025-09-24T00:54:19.4950346Z ##[warning]   59:12  warning  Unexpected any. Specify a different type  @typescript-eslint/no-explicit-any
2025-09-24T00:54:19.4951684Z ##[warning]  182:33  warning  Unexpected any. Specify a different type  @typescript-eslint/no-explicit-any
2025-09-24T00:54:19.4952913Z ##[warning]  201:43  warning  Unexpected any. Specify a different type  @typescript-eslint/no-explicit-any
2025-09-24T00:54:19.4954124Z ##[warning]  276:29  warning  Unexpected any. Specify a different type  @typescript-eslint/no-explicit-any
2025-09-24T00:54:19.4954854Z 
2025-09-24T00:54:19.4955240Z /home/runner/work/advanced-tools-navigation/advanced-tools-navigation/src/views/HomeView.vue
2025-09-24T00:54:19.4956129Z ##[warning]  144:27  warning  Unexpected any. Specify a different type  @typescript-eslint/no-explicit-any
2025-09-24T00:54:19.4957348Z ##[warning]  161:37  warning  Unexpected any. Specify a different type  @typescript-eslint/no-explicit-any
2025-09-24T00:54:19.4958583Z ##[warning]  174:31  warning  Unexpected any. Specify a different type  @typescript-eslint/no-explicit-any
2025-09-24T00:54:19.4959795Z ##[warning]  193:37  warning  Unexpected any. Specify a different type  @typescript-eslint/no-explicit-any
2025-09-24T00:54:19.4960524Z 
2025-09-24T00:54:19.4960946Z /home/runner/work/advanced-tools-navigation/advanced-tools-navigation/src/views/ProductDetailView.vue
2025-09-24T00:54:19.4961964Z ##[warning]  93:21  warning  Unexpected any. Specify a different type  @typescript-eslint/no-explicit-any
2025-09-24T00:54:19.4962700Z 
2025-09-24T00:54:19.4963124Z /home/runner/work/advanced-tools-navigation/advanced-tools-navigation/src/views/ProductUploadView.vue
2025-09-24T00:54:19.4964005Z ##[warning]  473:24  warning  Unexpected any. Specify a different type  @typescript-eslint/no-explicit-any
2025-09-24T00:54:19.4964748Z 
2025-09-24T00:54:19.4965149Z /home/runner/work/advanced-tools-navigation/advanced-tools-navigation/src/views/ProductsView.vue
2025-09-24T00:54:19.4966011Z ##[warning]  246:30  warning  Unexpected any. Specify a different type  @typescript-eslint/no-explicit-any
2025-09-24T00:54:19.4967211Z ##[warning]  251:28  warning  Unexpected any. Specify a different type  @typescript-eslint/no-explicit-any
2025-09-24T00:54:19.4967950Z 
2025-09-24T00:54:19.4968368Z /home/runner/work/advanced-tools-navigation/advanced-tools-navigation/src/views/SearchResultsView.vue
2025-09-24T00:54:19.4969238Z ##[warning]  159:39  warning  Unexpected any. Specify a different type  @typescript-eslint/no-explicit-any
2025-09-24T00:54:19.4970444Z ##[warning]  197:34  warning  Unexpected any. Specify a different type  @typescript-eslint/no-explicit-any
2025-09-24T00:54:19.4971903Z ##[warning]  210:47  warning  Unexpected any. Specify a different type  @typescript-eslint/no-explicit-any
2025-09-24T00:54:19.4973205Z ##[warning]  230:25  warning  Unexpected any. Specify a different type  @typescript-eslint/no-explicit-any
2025-09-24T00:54:19.4974426Z ##[warning]  239:31  warning  Unexpected any. Specify a different type  @typescript-eslint/no-explicit-any
2025-09-24T00:54:19.4975162Z 
2025-09-24T00:54:19.4975554Z /home/runner/work/advanced-tools-navigation/advanced-tools-navigation/src/views/ToolsView.vue
2025-09-24T00:54:19.4976416Z ##[warning]  354:38  warning  Unexpected any. Specify a different type  @typescript-eslint/no-explicit-any
2025-09-24T00:54:19.4977155Z 
2025-09-24T00:54:19.4977612Z /home/runner/work/advanced-tools-navigation/advanced-tools-navigation/src/views/admin/LocalManagementView.vue
2025-09-24T00:54:19.4978579Z ##[warning]  325:73  warning  Unexpected any. Specify a different type  @typescript-eslint/no-explicit-any
2025-09-24T00:54:19.4979317Z 
2025-09-24T00:54:19.4979704Z ✖ 169 problems (0 errors, 169 warnings)
2025-09-24T00:54:19.4979887Z 
2025-09-24T00:54:19.5206311Z ✅ ESLint 检查通过
2025-09-24T00:54:19.5242847Z ##[group]Run echo "🔧 运行 TypeScript 类型检查..."
2025-09-24T00:54:19.5243178Z [36;1mecho "🔧 运行 TypeScript 类型检查..."[0m
2025-09-24T00:54:19.5243605Z [36;1mnpm run type-check[0m
2025-09-24T00:54:19.5243838Z [36;1mecho "✅ TypeScript 类型检查通过"[0m
2025-09-24T00:54:19.5273970Z shell: /usr/bin/bash -e {0}
2025-09-24T00:54:19.5274203Z env:
2025-09-24T00:54:19.5274367Z   NODE_VERSION: 20.x
2025-09-24T00:54:19.5274567Z   CACHE_VERSION: v3
2025-09-24T00:54:19.5274750Z ##[endgroup]
2025-09-24T00:54:19.5324276Z 🔧 运行 TypeScript 类型检查...
2025-09-24T00:54:19.6343205Z 
2025-09-24T00:54:19.6343698Z > advanced-tools-navigation@1.0.0 type-check
2025-09-24T00:54:19.6344063Z > vue-tsc --noEmit
2025-09-24T00:54:19.6344201Z 
2025-09-24T00:54:32.0450684Z ##[error]src/components/admin/ToolForm.vue(185,3): error TS2322: Type 'string' is not assignable to type 'File'.
2025-09-24T00:54:32.0455163Z ##[error]src/components/admin/ToolForm.vue(289,46): error TS2339: Property 'name' does not exist on type 'string'.
2025-09-24T00:54:32.0458369Z ##[error]src/components/admin/UserDetailModal.vue(39,70): error TS2339: Property 'status' does not exist on type 'User'.
2025-09-24T00:54:32.0461527Z ##[error]src/components/admin/UserDetailModal.vue(40,41): error TS2339: Property 'status' does not exist on type 'User'.
2025-09-24T00:54:32.0465606Z ##[error]src/components/admin/UserDetailModal.vue(52,35): error TS2551: Property 'last_sign_in_at' does not exist on type 'User'. Did you mean 'last_login_at'?
2025-09-24T00:54:32.0468492Z ##[error]src/components/admin/UserDetailModal.vue(60,26): error TS2339: Property 'email_confirmed_at' does not exist on type 'User'.
2025-09-24T00:54:32.0471195Z ##[error]src/components/admin/UserDetailModal.vue(63,27): error TS2339: Property 'email_confirmed_at' does not exist on type 'User'.
2025-09-24T00:54:32.0474142Z ##[error]src/components/admin/UserDetailModal.vue(70,27): error TS2339: Property 'user_profiles' does not exist on type 'User'.
2025-09-24T00:54:32.0476793Z ##[error]src/components/admin/UserDetailModal.vue(76,24): error TS2339: Property 'user_profiles' does not exist on type 'User'.
2025-09-24T00:54:32.0479544Z ##[error]src/components/admin/UserDetailModal.vue(83,32): error TS2339: Property 'user_profiles' does not exist on type 'User'.
2025-09-24T00:54:32.0482530Z ##[error]src/components/admin/UserDetailModal.vue(84,32): error TS2339: Property 'user_profiles' does not exist on type 'User'.
2025-09-24T00:54:32.0485290Z ##[error]src/components/admin/UserDetailModal.vue(85,32): error TS2339: Property 'user_profiles' does not exist on type 'User'.
2025-09-24T00:54:32.0487904Z ##[error]src/components/admin/UserDetailModal.vue(96,24): error TS2339: Property 'user_profiles' does not exist on type 'User'.
2025-09-24T00:54:32.0490558Z ##[error]src/components/admin/UserDetailModal.vue(103,32): error TS2339: Property 'user_profiles' does not exist on type 'User'.
2025-09-24T00:54:32.0493598Z ##[error]src/components/admin/UserDetailModal.vue(104,33): error TS2339: Property 'user_profiles' does not exist on type 'User'.
2025-09-24T00:54:32.0496241Z ##[error]src/components/admin/UserDetailModal.vue(108,29): error TS2339: Property 'user_profiles' does not exist on type 'User'.
2025-09-24T00:54:32.0498883Z ##[error]src/components/admin/UserDetailModal.vue(116,24): error TS2339: Property 'user_profiles' does not exist on type 'User'.
2025-09-24T00:54:32.0502189Z ##[error]src/components/admin/UserDetailModal.vue(221,3): error TS2724: '"lucide-vue-next"' has no exported member named 'EditIcon'. Did you mean 'BedIcon'?
2025-09-24T00:54:32.0504845Z ##[error]src/components/common/LazyComponent.vue(153,1): error TS2304: Cannot find name 'watch'.
2025-09-24T00:54:32.0507046Z ##[error]src/components/common/LazyComponent.vue(163,1): error TS2304: Cannot find name 'watch'.
2025-09-24T00:54:32.0513970Z ##[error]src/components/reviews/EditReviewModal.vue(12,12): error TS2345: Argument of type '{ rating: number; readonly: false; }' is not assignable to parameter of type 'Partial<{ readonly: boolean; }> & Omit<{ readonly modelValue: number; readonly readonly: boolean; readonly "onUpdate:modelValue"?: (...args: any[]) => any; } & VNodeProps & AllowedComponentProps & ComponentCustomProps, "readonly"> & Record<...>'.
2025-09-24T00:54:32.0519760Z   Property 'modelValue' is missing in type '{ rating: number; readonly: false; }' but required in type 'Omit<{ readonly modelValue: number; readonly readonly: boolean; readonly "onUpdate:modelValue"?: (...args: any[]) => any; } & VNodeProps & AllowedComponentProps & ComponentCustomProps, "readonly">'.
2025-09-24T00:54:32.0522689Z ##[error]src/components/reviews/EditReviewModal.vue(82,25): error TS2554: Expected 3 arguments, but got 2.
2025-09-24T00:54:32.0528632Z ##[error]src/components/reviews/ProductReviews.vue(9,14): error TS2345: Argument of type '{ rating: number; readonly: true; }' is not assignable to parameter of type 'Partial<{ readonly: boolean; }> & Omit<{ readonly modelValue: number; readonly readonly: boolean; readonly "onUpdate:modelValue"?: (...args: any[]) => any; } & VNodeProps & AllowedComponentProps & ComponentCustomProps, "readonly"> & Record<...>'.
2025-09-24T00:54:32.0533416Z   Property 'modelValue' is missing in type '{ rating: number; readonly: true; }' but required in type 'Omit<{ readonly modelValue: number; readonly readonly: boolean; readonly "onUpdate:modelValue"?: (...args: any[]) => any; } & VNodeProps & AllowedComponentProps & ComponentCustomProps, "readonly">'.
2025-09-24T00:54:32.0536678Z ##[error]src/components/reviews/ProductReviews.vue(46,14): error TS2322: Type '(reset?: boolean) => Promise<void>' is not assignable to type '(payload: Event) => void'.
2025-09-24T00:54:32.0538579Z   Types of parameters 'reset' and 'payload' are incompatible.
2025-09-24T00:54:32.0539292Z     Type 'Event' is not assignable to type 'boolean'.
2025-09-24T00:54:32.0541548Z ##[error]src/components/reviews/ProductReviews.vue(59,16): error TS2322: Type '(reset?: boolean) => Promise<void>' is not assignable to type '(payload: Event) => void'.
2025-09-24T00:54:32.0544740Z ##[error]src/components/reviews/ProductReviews.vue(68,16): error TS2322: Type '(reset?: boolean) => Promise<void>' is not assignable to type '(payload: Event) => void'.
2025-09-24T00:54:32.0550833Z ##[error]src/components/reviews/ReplyModal.vue(12,12): error TS2345: Argument of type '{ rating: number; readonly: true; }' is not assignable to parameter of type 'Partial<{ readonly: boolean; }> & Omit<{ readonly modelValue: number; readonly readonly: boolean; readonly "onUpdate:modelValue"?: (...args: any[]) => any; } & VNodeProps & AllowedComponentProps & ComponentCustomProps, "readonly"> & Record<...>'.
2025-09-24T00:54:32.0555735Z   Property 'modelValue' is missing in type '{ rating: number; readonly: true; }' but required in type 'Omit<{ readonly modelValue: number; readonly readonly: boolean; readonly "onUpdate:modelValue"?: (...args: any[]) => any; } & VNodeProps & AllowedComponentProps & ComponentCustomProps, "readonly">'.
2025-09-24T00:54:32.0558711Z ##[error]src/components/reviews/ReplyModal.vue(65,25): error TS2339: Property 'replyToReview' does not exist on type 'ReviewService'.
2025-09-24T00:54:32.0561566Z ##[error]src/components/reviews/ReviewItem.vue(111,20): error TS2305: Module '"@heroicons/vue/24/solid"' has no exported member 'ThumbUpIcon'.
2025-09-24T00:54:32.0564527Z ##[error]src/components/reviews/ReviewItem.vue(111,33): error TS2724: '"@heroicons/vue/24/solid"' has no exported member named 'ThumbDownIcon'. Did you mean 'HandThumbDownIcon'?
2025-09-24T00:54:32.0587297Z ##[error]src/components/reviews/ReviewItem.vue(112,15): error TS2305: Module '"@/types"' has no exported member 'ProductReview'.
2025-09-24T00:54:32.0591081Z ##[error]src/components/reviews/WriteReviewModal.vue(12,12): error TS2345: Argument of type '{ rating: number; readonly: false; }' is not assignable to parameter of type 'Partial<{ readonly: boolean; }> & Omit<{ readonly modelValue: number; readonly readonly: boolean; readonly "onUpdate:modelValue"?: (...args: any[]) => any; } & VNodeProps & AllowedComponentProps & ComponentCustomProps, "readonly"> & Record<...>'.
2025-09-24T00:54:32.0593994Z   Property 'modelValue' is missing in type '{ rating: number; readonly: false; }' but required in type 'Omit<{ readonly modelValue: number; readonly readonly: boolean; readonly "onUpdate:modelValue"?: (...args: any[]) => any; } & VNodeProps & AllowedComponentProps & ComponentCustomProps, "readonly">'.
2025-09-24T00:54:32.0595660Z ##[error]src/components/reviews/WriteReviewModal.vue(75,25): error TS2554: Expected 2 arguments, but got 1.
2025-09-24T00:54:32.0596989Z ##[error]src/components/ToolRating.vue(178,43): error TS2339: Property 'review' does not exist on type 'never'.
2025-09-24T00:54:32.0598297Z ##[error]src/components/ToolRating.vue(197,34): error TS2339: Property 'rating' does not exist on type 'never'.
2025-09-24T00:54:32.0599569Z ##[error]src/components/ToolRating.vue(198,31): error TS2339: Property 'review' does not exist on type 'never'.
2025-09-24T00:54:32.0600860Z ##[error]src/components/ToolRating.vue(199,32): error TS2339: Property 'is_anonymous' does not exist on type 'never'.
2025-09-24T00:54:32.0603216Z ##[error]src/components/ToolRating.vue(238,17): error TS2345: Argument of type '{ tool_id: string; user_id: string; rating: number; review: string; is_anonymous: boolean; }' is not assignable to parameter of type 'never'.
2025-09-24T00:54:32.0604702Z ##[error]src/components/ToolRating.vue(244,68): error TS2769: No overload matches this call.
2025-09-24T00:54:32.0606037Z   Overload 1 of 2, '(values: never, options?: { count?: "exact" | "planned" | "estimated"; }): PostgrestFilterBuilder<{ PostgrestVersion: "12"; }, never, never, null, "tool_ratings", never, "POST">', gave the following error.
2025-09-24T00:54:32.0607169Z     Argument of type '{ tool_id: string; user_id: string; rating: number; review: string; is_anonymous: boolean; }' is not assignable to parameter of type 'never'.
2025-09-24T00:54:32.0608412Z   Overload 2 of 2, '(values: never[], options?: { count?: "exact" | "planned" | "estimated"; defaultToNull?: boolean; }): PostgrestFilterBuilder<{ PostgrestVersion: "12"; }, never, never, null, "tool_ratings", never, "POST">', gave the following error.
2025-09-24T00:54:32.0609601Z     Argument of type '{ tool_id: string; user_id: string; rating: number; review: string; is_anonymous: boolean; }' is not assignable to parameter of type 'never[]'.
2025-09-24T00:54:32.0610673Z       Type '{ tool_id: string; user_id: string; rating: number; review: string; is_anonymous: boolean; }' is missing the following properties from type 'never[]': length, pop, push, concat, and 35 more.
2025-09-24T00:54:32.0611927Z ##[error]src/components/UserFeedback.vue(123,29): error TS2769: No overload matches this call.
2025-09-24T00:54:32.0613285Z   Overload 1 of 2, '(values: never, options?: { count?: "exact" | "planned" | "estimated"; }): PostgrestFilterBuilder<{ PostgrestVersion: "12"; }, never, never, null, "user_feedback", never, "POST">', gave the following error.
2025-09-24T00:54:32.0614426Z     Argument of type '{ user_id: string; feedback_type: string; subject: string; content: string; priority: string; }' is not assignable to parameter of type 'never'.
2025-09-24T00:54:32.0615691Z   Overload 2 of 2, '(values: never[], options?: { count?: "exact" | "planned" | "estimated"; defaultToNull?: boolean; }): PostgrestFilterBuilder<{ PostgrestVersion: "12"; }, never, never, null, "user_feedback", never, "POST">', gave the following error.
2025-09-24T00:54:32.0616715Z     Object literal may only specify known properties, and 'user_id' does not exist in type 'never[]'.
2025-09-24T00:54:32.0617542Z ##[error]src/lib/supabaseClient.ts(94,10): error TS18047: 'data' is possibly 'null'.
2025-09-24T00:54:32.0618695Z ##[error]src/services/categoriesService.ts(56,37): error TS2769: No overload matches this call.
2025-09-24T00:54:32.0620035Z   Overload 1 of 2, '(values: never, options?: { count?: "exact" | "planned" | "estimated"; }): PostgrestFilterBuilder<{ PostgrestVersion: "12"; }, never, never, null, "categories", never, "POST">', gave the following error.
2025-09-24T00:54:32.0621529Z     Argument of type '{ name: string; description: string; icon: string; color: string; parent_id: string; sort_order: number; is_active: boolean; }' is not assignable to parameter of type 'never'.
2025-09-24T00:54:32.0623009Z   Overload 2 of 2, '(values: never[], options?: { count?: "exact" | "planned" | "estimated"; defaultToNull?: boolean; }): PostgrestFilterBuilder<{ PostgrestVersion: "12"; }, never, never, null, "categories", never, "POST">', gave the following error.
2025-09-24T00:54:32.0624025Z     Object literal may only specify known properties, and 'name' does not exist in type 'never[]'.
2025-09-24T00:54:32.0625110Z ##[error]src/services/categoriesService.ts(105,17): error TS2345: Argument of type 'any' is not assignable to parameter of type 'never'.
2025-09-24T00:54:32.0626533Z ##[error]src/services/categoriesService.ts(183,38): error TS2339: Property 'category_id' does not exist on type 'never'.
2025-09-24T00:54:32.0627883Z ##[error]src/services/categoriesService.ts(184,24): error TS2339: Property 'category_id' does not exist on type 'never'.
2025-09-24T00:54:32.0629772Z ##[error]src/services/categoriesService.ts(269,7): error TS2561: Object literal may only specify known properties, but 'parentId' does not exist in type 'Category'. Did you mean to write 'parent_id'?
2025-09-24T00:54:32.0631902Z ##[error]src/services/databaseService.ts(58,9): error TS2740: Type '{}' is missing the following properties from type 'QueryResult<T>': data, count, page, limit, and 2 more.
2025-09-24T00:54:32.0633304Z ##[error]src/services/databaseService.ts(122,17): error TS2769: No overload matches this call.
2025-09-24T00:54:32.0634615Z   Overload 1 of 2, '(values: never, options?: { count?: "exact" | "planned" | "estimated"; }): PostgrestFilterBuilder<{ PostgrestVersion: "12"; }, never, never, null, string, never, "POST">', gave the following error.
2025-09-24T00:54:32.0635474Z     Argument of type 'Partial<T>' is not assignable to parameter of type 'never'.
2025-09-24T00:54:32.0636482Z   Overload 2 of 2, '(values: never[], options?: { count?: "exact" | "planned" | "estimated"; defaultToNull?: boolean; }): PostgrestFilterBuilder<{ PostgrestVersion: "12"; }, never, never, null, string, never, "POST">', gave the following error.
2025-09-24T00:54:32.0637416Z     Argument of type 'Partial<T>' is not assignable to parameter of type 'never[]'.
2025-09-24T00:54:32.0638054Z       Type 'Partial<T>' is missing the following properties from type 'never[]': length, pop, push, concat, and 35 more.
2025-09-24T00:54:32.0639168Z ##[error]src/services/databaseService.ts(143,17): error TS2345: Argument of type 'Partial<T>' is not assignable to parameter of type 'never'.
2025-09-24T00:54:32.0640418Z ##[error]src/services/databaseService.ts(180,17): error TS2769: No overload matches this call.
2025-09-24T00:54:32.0641870Z   Overload 1 of 2, '(values: never, options?: { count?: "exact" | "planned" | "estimated"; }): PostgrestFilterBuilder<{ PostgrestVersion: "12"; }, never, never, null, string, never, "POST">', gave the following error.
2025-09-24T00:54:32.0642728Z     Argument of type 'Partial<T>[]' is not assignable to parameter of type 'never'.
2025-09-24T00:54:32.0643752Z   Overload 2 of 2, '(values: never[], options?: { count?: "exact" | "planned" | "estimated"; defaultToNull?: boolean; }): PostgrestFilterBuilder<{ PostgrestVersion: "12"; }, never, never, null, string, never, "POST">', gave the following error.
2025-09-24T00:54:32.0644678Z     Argument of type 'Partial<T>[]' is not assignable to parameter of type 'never[]'.
2025-09-24T00:54:32.0645124Z       Type 'Partial<T>' is not assignable to type 'never'.
2025-09-24T00:54:32.0645834Z ##[error]src/services/databaseService.ts(393,22): error TS18047: 'lastRecord' is possibly 'null'.
2025-09-24T00:54:32.0647089Z ##[error]src/services/favoritesService.ts(24,23): error TS2339: Property 'tool_id' does not exist on type 'never'.
2025-09-24T00:54:32.0648250Z ##[error]src/services/feedbackService.ts(70,47): error TS2769: No overload matches this call.
2025-09-24T00:54:32.0649701Z   Overload 1 of 2, '(values: never, options?: { count?: "exact" | "planned" | "estimated"; }): PostgrestFilterBuilder<{ PostgrestVersion: "12"; }, never, never, null, "user_feedback", never, "POST">', gave the following error.
2025-09-24T00:54:32.0651773Z     Argument of type '{ type: "other" | "bug" | "feature" | "improvement" | "question"; title: string; content: string; priority: "medium" | "high" | "urgent" | "low"; user_id: string; system_info: { userAgent: string; platform: string; language: string; screenResolution: string; timestamp: string; }; status: string; is_read: boolean; }' is not assignable to parameter of type 'never'.
2025-09-24T00:54:32.0653592Z   Overload 2 of 2, '(values: never[], options?: { count?: "exact" | "planned" | "estimated"; defaultToNull?: boolean; }): PostgrestFilterBuilder<{ PostgrestVersion: "12"; }, never, never, null, "user_feedback", never, "POST">', gave the following error.
2025-09-24T00:54:32.0654622Z     Object literal may only specify known properties, and 'type' does not exist in type 'never[]'.
2025-09-24T00:54:32.0655683Z ##[error]src/services/feedbackService.ts(237,17): error TS2345: Argument of type 'any' is not assignable to parameter of type 'never'.
2025-09-24T00:54:32.0657167Z ##[error]src/services/feedbackService.ts(272,17): error TS2345: Argument of type 'any' is not assignable to parameter of type 'never'.
2025-09-24T00:54:32.0658713Z ##[error]src/services/feedbackService.ts(291,17): error TS2345: Argument of type '{ is_read: boolean; }' is not assignable to parameter of type 'never'.
2025-09-24T00:54:32.0660274Z ##[error]src/services/feedbackService.ts(306,17): error TS2345: Argument of type '{ is_read: boolean; }' is not assignable to parameter of type 'never'.
2025-09-24T00:54:32.0661771Z ##[error]src/services/feedbackService.ts(364,24): error TS2339: Property 'status' does not exist on type 'never'.
2025-09-24T00:54:32.0663080Z ##[error]src/services/feedbackService.ts(367,32): error TS2339: Property 'type' does not exist on type 'never'.
2025-09-24T00:54:32.0664352Z ##[error]src/services/feedbackService.ts(367,64): error TS2339: Property 'type' does not exist on type 'never'.
2025-09-24T00:54:32.0665624Z ##[error]src/services/feedbackService.ts(370,36): error TS2339: Property 'priority' does not exist on type 'never'.
2025-09-24T00:54:32.0666899Z ##[error]src/services/feedbackService.ts(371,39): error TS2339: Property 'priority' does not exist on type 'never'.
2025-09-24T00:54:32.0668162Z ##[error]src/services/feedbackService.ts(375,56): error TS2339: Property 'response' does not exist on type 'never'.
2025-09-24T00:54:32.0669464Z ##[error]src/services/feedbackService.ts(381,26): error TS2339: Property 'response_at' does not exist on type 'never'.
2025-09-24T00:54:32.0670762Z ##[error]src/services/feedbackService.ts(381,43): error TS2339: Property 'created_at' does not exist on type 'never'.
2025-09-24T00:54:32.0672198Z ##[error]src/services/feedbackService.ts(383,38): error TS2339: Property 'created_at' does not exist on type 'never'.
2025-09-24T00:54:32.0673503Z ##[error]src/services/feedbackService.ts(384,40): error TS2339: Property 'response_at' does not exist on type 'never'.
2025-09-24T00:54:32.0674789Z ##[error]src/services/feedbackService.ts(399,27): error TS2339: Property 'created_at' does not exist on type 'never'.
2025-09-24T00:54:32.0676082Z ##[error]src/services/notificationService.ts(154,27): error TS2339: Property 'is_read' does not exist on type 'never'.
2025-09-24T00:54:32.0677436Z ##[error]src/services/notificationService.ts(157,26): error TS2339: Property 'is_important' does not exist on type 'never'.
2025-09-24T00:54:32.0678733Z ##[error]src/services/notificationService.ts(161,35): error TS2339: Property 'type' does not exist on type 'never'.
2025-09-24T00:54:32.0679917Z ##[error]src/services/notificationService.ts(177,37): error TS2769: No overload matches this call.
2025-09-24T00:54:32.0681532Z   Overload 1 of 2, '(values: never, options?: { count?: "exact" | "planned" | "estimated"; }): PostgrestFilterBuilder<{ PostgrestVersion: "12"; }, never, never, null, "notifications", never, "POST">', gave the following error.
2025-09-24T00:54:32.0683075Z     Argument of type '{ is_read: boolean; created_at: string; updated_at: string; user_id: string; type: "error" | "order" | "info" | "success" | "warning" | "system" | "product"; title: string; message: string; ... 4 more ...; metadata?: Record<...>; }' is not assignable to parameter of type 'never'.
2025-09-24T00:54:32.0684745Z   Overload 2 of 2, '(values: never[], options?: { count?: "exact" | "planned" | "estimated"; defaultToNull?: boolean; }): PostgrestFilterBuilder<{ PostgrestVersion: "12"; }, never, never, null, "notifications", never, "POST">', gave the following error.
2025-09-24T00:54:32.0685771Z     Object literal may only specify known properties, and 'is_read' does not exist in type 'never[]'.
2025-09-24T00:54:32.0686642Z ##[error]src/services/notificationService.ts(215,17): error TS2769: No overload matches this call.
2025-09-24T00:54:32.0688024Z   Overload 1 of 2, '(values: never, options?: { count?: "exact" | "planned" | "estimated"; }): PostgrestFilterBuilder<{ PostgrestVersion: "12"; }, never, never, null, "notifications", never, "POST">', gave the following error.
2025-09-24T00:54:32.0689515Z     Argument of type '{ is_read: boolean; created_at: string; updated_at: string; user_id: string; type: "error" | "order" | "info" | "success" | "warning" | "system" | "product"; title: string; message: string; ... 4 more ...; metadata?: Record<...>; }[]' is not assignable to parameter of type 'never'.
2025-09-24T00:54:32.0691040Z   Overload 2 of 2, '(values: never[], options?: { count?: "exact" | "planned" | "estimated"; defaultToNull?: boolean; }): PostgrestFilterBuilder<{ PostgrestVersion: "12"; }, never, never, null, "notifications", never, "POST">', gave the following error.
2025-09-24T00:54:32.0692739Z     Argument of type '{ is_read: boolean; created_at: string; updated_at: string; user_id: string; type: "error" | "order" | "info" | "success" | "warning" | "system" | "product"; title: string; message: string; ... 4 more ...; metadata?: Record<...>; }[]' is not assignable to parameter of type 'never[]'.
2025-09-24T00:54:32.0694325Z       Type '{ is_read: boolean; created_at: string; updated_at: string; user_id: string; type: "error" | "order" | "info" | "success" | "warning" | "system" | "product"; title: string; message: string; ... 4 more ...; metadata?: Record<...>; }' is not assignable to type 'never'.
2025-09-24T00:54:32.0695986Z ##[error]src/services/notificationService.ts(237,17): error TS2345: Argument of type '{ is_read: boolean; updated_at: string; }' is not assignable to parameter of type 'never'.
2025-09-24T00:54:32.0697785Z ##[error]src/services/notificationService.ts(256,17): error TS2345: Argument of type '{ is_read: boolean; updated_at: string; }' is not assignable to parameter of type 'never'.
2025-09-24T00:54:32.0699131Z ##[error]src/services/notificationService.ts(358,17): error TS2769: No overload matches this call.
2025-09-24T00:54:32.0700518Z   Overload 1 of 2, '(values: never, options?: { count?: "exact" | "planned" | "estimated"; }): PostgrestFilterBuilder<{ PostgrestVersion: "12"; }, never, never, null, "notification_preferences", never, "POST">', gave the following error.
2025-09-24T00:54:32.0702494Z     Argument of type '{ user_id: string; email_notifications: boolean; push_notifications: boolean; system_notifications: boolean; product_notifications: boolean; order_notifications: boolean; marketing_notifications: boolean; notification_frequency: "immediate"; created_at: string; updated_at: string; }' is not assignable to parameter of type 'never'.
2025-09-24T00:54:32.0704375Z   Overload 2 of 2, '(values: never[], options?: { count?: "exact" | "planned" | "estimated"; defaultToNull?: boolean; }): PostgrestFilterBuilder<{ PostgrestVersion: "12"; }, never, never, null, "notification_preferences", never, "POST">', gave the following error.
2025-09-24T00:54:32.0706810Z     Argument of type '{ user_id: string; email_notifications: boolean; push_notifications: boolean; system_notifications: boolean; product_notifications: boolean; order_notifications: boolean; marketing_notifications: boolean; notification_frequency: "immediate"; created_at: string; updated_at: string; }' is not assignable to parameter of type 'never[]'.
2025-09-24T00:54:32.0711196Z       Type '{ user_id: string; email_notifications: boolean; push_notifications: boolean; system_notifications: boolean; product_notifications: boolean; order_notifications: boolean; marketing_notifications: boolean; notification_frequency: "immediate"; created_at: string; updated_at: string; }' is missing the following properties from type 'never[]': length, pop, push, concat, and 35 more.
2025-09-24T00:54:32.0716593Z ##[error]src/services/notificationService.ts(382,17): error TS2345: Argument of type '{ updated_at: string; id?: string; user_id?: string; email_notifications?: boolean; push_notifications?: boolean; system_notifications?: boolean; product_notifications?: boolean; order_notifications?: boolean; ... 4 more ...; created_at?: string; }' is not assignable to parameter of type 'never'.
2025-09-24T00:54:32.0718856Z ##[error]src/services/orderService.ts(152,17): error TS2345: Argument of type 'any' is not assignable to parameter of type 'never'.
2025-09-24T00:54:32.0720552Z ##[error]src/services/orderService.ts(300,17): error TS2345: Argument of type '{ status: string; updated_at: string; }' is not assignable to parameter of type 'never'.
2025-09-24T00:54:32.0722130Z ##[error]src/services/orderService.ts(337,18): error TS2339: Property 'id' does not exist on type 'never'.
2025-09-24T00:54:32.0723395Z ##[error]src/services/orderService.ts(338,23): error TS2339: Property 'user_id' does not exist on type 'never'.
2025-09-24T00:54:32.0724671Z ##[error]src/services/orderService.ts(340,16): error TS2339: Property 'order_items' does not exist on type 'never'.
2025-09-24T00:54:32.0725964Z ##[error]src/services/orderService.ts(368,28): error TS2339: Property 'total_amount' does not exist on type 'never'.
2025-09-24T00:54:32.0727225Z ##[error]src/services/orderService.ts(369,24): error TS2339: Property 'currency' does not exist on type 'never'.
2025-09-24T00:54:32.0728462Z ##[error]src/services/orderService.ts(370,22): error TS2339: Property 'status' does not exist on type 'never'.
2025-09-24T00:54:32.0729744Z ##[error]src/services/orderService.ts(371,30): error TS2339: Property 'payment_method' does not exist on type 'never'.
2025-09-24T00:54:32.0731017Z ##[error]src/services/orderService.ts(372,26): error TS2339: Property 'payment_id' does not exist on type 'never'.
2025-09-24T00:54:32.0732479Z ##[error]src/services/orderService.ts(373,31): error TS2339: Property 'billing_address' does not exist on type 'never'.
2025-09-24T00:54:32.0733819Z ##[error]src/services/orderService.ts(378,29): error TS2339: Property 'billing_address' does not exist on type 'never'.
2025-09-24T00:54:32.0735162Z ##[error]src/services/orderService.ts(379,27): error TS2339: Property 'billing_address' does not exist on type 'never'.
2025-09-24T00:54:32.0736488Z ##[error]src/services/orderService.ts(380,26): error TS2339: Property 'billing_address' does not exist on type 'never'.
2025-09-24T00:54:32.0737798Z ##[error]src/services/orderService.ts(381,29): error TS2339: Property 'billing_address' does not exist on type 'never'.
2025-09-24T00:54:32.0739123Z ##[error]src/services/orderService.ts(382,33): error TS2339: Property 'billing_address' does not exist on type 'never'.
2025-09-24T00:54:32.0740417Z ##[error]src/services/orderService.ts(385,26): error TS2339: Property 'created_at' does not exist on type 'never'.
2025-09-24T00:54:32.0741848Z ##[error]src/services/orderService.ts(386,26): error TS2339: Property 'updated_at' does not exist on type 'never'.
2025-09-24T00:54:32.0743145Z ##[error]src/services/orderService.ts(387,28): error TS2339: Property 'completed_at' does not exist on type 'never'.
2025-09-24T00:54:32.0746019Z ##[error]src/services/orderService.ts(524,9): error TS2322: Type '{ id: any; user_id: any; user: { id: any; email: any; full_name: any; avatar_url: any; }; items: any; total_amount: any; currency: any; status: any; payment_method: any; payment_id: any; billing_address: { ...; }; created_at: any; updated_at: any; completed_at: any; }[]' is not assignable to type 'Order[]'.
2025-09-24T00:54:32.0748303Z   Type '{ id: any; user_id: any; user: { id: any; email: any; full_name: any; avatar_url: any; }; items: any; total_amount: any; currency: any; status: any; payment_method: any; payment_id: any; billing_address: { ...; }; created_at: any; updated_at: any; completed_at: any; }' is not assignable to type 'Order'.
2025-09-24T00:54:32.0749235Z     Types of property 'user' are incompatible.
2025-09-24T00:54:32.0749940Z       Type '{ id: any; email: any; full_name: any; avatar_url: any; }' is missing the following properties from type 'User': role, is_active, email_verified, created_at, updated_at
2025-09-24T00:54:32.0751129Z ##[error]src/services/orderService.ts(554,17): error TS2345: Argument of type 'any' is not assignable to parameter of type 'never'.
2025-09-24T00:54:32.0752893Z ##[error]src/services/orderService.ts(601,36): error TS2339: Property 'status' does not exist on type 'never'.
2025-09-24T00:54:32.0754154Z ##[error]src/services/orderService.ts(603,36): error TS2339: Property 'status' does not exist on type 'never'.
2025-09-24T00:54:32.0755388Z ##[error]src/services/orderService.ts(605,36): error TS2339: Property 'status' does not exist on type 'never'.
2025-09-24T00:54:32.0756629Z ##[error]src/services/orderService.ts(608,29): error TS2339: Property 'status' does not exist on type 'never'.
2025-09-24T00:54:32.0757903Z ##[error]src/services/orderService.ts(609,39): error TS2339: Property 'total_amount' does not exist on type 'never'.
2025-09-24T00:54:32.0759160Z ##[error]src/services/orderService.ts(614,29): error TS2339: Property 'status' does not exist on type 'never'.
2025-09-24T00:54:32.0760431Z ##[error]src/services/orderService.ts(615,39): error TS2339: Property 'total_amount' does not exist on type 'never'.
2025-09-24T00:54:32.0761932Z ##[error]src/services/paymentService.ts(150,34): error TS2339: Property 'metadata' does not exist on type 'PaymentIntent'.
2025-09-24T00:54:32.0764946Z ##[error]src/services/productsService.ts(198,17): error TS2345: Argument of type '{ updated_at: string; id?: string; name?: string; description?: string; short_description?: string; price?: number; original_price?: number; currency?: string; category_id?: string; images?: string[]; features?: string[]; ... 10 more ...; sort_order?: number; }' is not assignable to parameter of type 'never'.
2025-09-24T00:54:32.0766936Z ##[error]src/services/productsService.ts(271,7): error TS2322: Type 'unknown' is not assignable to type 'string'.
2025-09-24T00:54:32.0768190Z ##[error]src/services/productsService.ts(272,7): error TS2322: Type 'unknown' is not assignable to type 'string'.
2025-09-24T00:54:32.0769444Z ##[error]src/services/productsService.ts(273,7): error TS2322: Type 'unknown' is not assignable to type 'string'.
2025-09-24T00:54:32.0770686Z ##[error]src/services/productsService.ts(275,7): error TS2322: Type 'unknown' is not assignable to type 'number'.
2025-09-24T00:54:32.0772122Z ##[error]src/services/productsService.ts(277,7): error TS2322: Type 'unknown' is not assignable to type 'string'.
2025-09-24T00:54:32.0773480Z ##[error]src/services/productsService.ts(279,26): error TS2339: Property 'id' does not exist on type 'unknown'.
2025-09-24T00:54:32.0774735Z ##[error]src/services/productsService.ts(280,28): error TS2339: Property 'name' does not exist on type 'unknown'.
2025-09-24T00:54:32.0776047Z ##[error]src/services/productsService.ts(281,35): error TS2339: Property 'description' does not exist on type 'unknown'.
2025-09-24T00:54:32.0777344Z ##[error]src/services/productsService.ts(282,28): error TS2339: Property 'icon' does not exist on type 'unknown'.
2025-09-24T00:54:32.0778615Z ##[error]src/services/productsService.ts(283,29): error TS2339: Property 'color' does not exist on type 'unknown'.
2025-09-24T00:54:32.0780600Z ##[error]src/services/productsService.ts(284,9): error TS2561: Object literal may only specify known properties, but 'parentId' does not exist in type 'Category'. Did you mean to write 'parent_id'?
2025-09-24T00:54:32.0782444Z ##[error]src/services/productsService.ts(284,32): error TS2339: Property 'parent_id' does not exist on type 'unknown'.
2025-09-24T00:54:32.0783777Z ##[error]src/services/productsService.ts(286,33): error TS2339: Property 'sort_order' does not exist on type 'unknown'.
2025-09-24T00:54:32.0785095Z ##[error]src/services/productsService.ts(287,32): error TS2339: Property 'is_active' does not exist on type 'unknown'.
2025-09-24T00:54:32.0786402Z ##[error]src/services/productsService.ts(288,33): error TS2339: Property 'created_at' does not exist on type 'unknown'.
2025-09-24T00:54:32.0787704Z ##[error]src/services/productsService.ts(289,33): error TS2339: Property 'updated_at' does not exist on type 'unknown'.
2025-09-24T00:54:32.0789339Z ##[error]src/services/productsService.ts(291,7): error TS2740: Type '{}' is missing the following properties from type 'string[]': length, pop, push, concat, and 35 more.
2025-09-24T00:54:32.0790768Z ##[error]src/services/productsService.ts(292,7): error TS2322: Type 'unknown' is not assignable to type 'string[]'.
2025-09-24T00:54:32.0792357Z ##[error]src/services/productsService.ts(298,7): error TS2322: Type 'unknown' is not assignable to type '"active" | "inactive" | "draft"'.
2025-09-24T00:54:32.0793706Z ##[error]src/services/productsService.ts(306,22): error TS2339: Property 'map' does not exist on type 'unknown'.
2025-09-24T00:54:32.0794906Z ##[error]src/services/searchService.ts(189,58): error TS2554: Expected 0-1 arguments, but got 3.
2025-09-24T00:54:32.0796039Z ##[error]src/services/searchService.ts(267,7): error TS2554: Expected 0-1 arguments, but got 3.
2025-09-24T00:54:32.0798976Z ##[error]src/services/searchService.ts(346,14): error TS2322: Type '({ _type: string; id: string; name: string; description: string; url: string; icon: string; category_id: string; tags: string[]; is_favorite?: boolean; click_count: number; is_featured: boolean; status: "active" | ... 1 more ... | "pending"; ... 6 more ...; category?: Category; } | { ...; } | { ...; })[]' is not assignable to type 'SearchAllItem[]'.
2025-09-24T00:54:32.0801506Z   Type '{ _type: string; id: string; name: string; description: string; url: string; icon: string; category_id: string; tags: string[]; is_favorite?: boolean; click_count: number; is_featured: boolean; status: "active" | ... 1 more ... | "pending"; ... 6 more ...; category?: Category; } | { ...; } | { ...; }' is not assignable to type 'SearchAllItem'.
2025-09-24T00:54:32.0803361Z     Type '{ _type: string; id: string; name: string; description: string; url: string; icon: string; category_id: string; tags: string[]; is_favorite?: boolean; click_count: number; is_featured: boolean; status: "active" | ... 1 more ... | "pending"; ... 6 more ...; category?: Category; }' is not assignable to type 'SearchAllItem'.
2025-09-24T00:54:32.0805232Z       Type '{ _type: string; id: string; name: string; description: string; url: string; icon: string; category_id: string; tags: string[]; is_favorite?: boolean; click_count: number; is_featured: boolean; status: "active" | ... 1 more ... | "pending"; ... 6 more ...; category?: Category; }' is not assignable to type 'Tool & { _type: "tool"; }'.
2025-09-24T00:54:32.0807103Z         Type '{ _type: string; id: string; name: string; description: string; url: string; icon: string; category_id: string; tags: string[]; is_favorite?: boolean; click_count: number; is_featured: boolean; status: "active" | ... 1 more ... | "pending"; ... 6 more ...; category?: Category; }' is not assignable to type '{ _type: "tool"; }'.
2025-09-24T00:54:32.0808139Z           Types of property '_type' are incompatible.
2025-09-24T00:54:32.0808497Z             Type 'string' is not assignable to type '"tool"'.
2025-09-24T00:54:32.0809285Z ##[error]src/services/searchService.ts(465,40): error TS2339: Property 'name' does not exist on type 'never'.
2025-09-24T00:54:32.0810680Z ##[error]src/services/searchService.ts(466,33): error TS2339: Property 'name' does not exist on type 'never'.
2025-09-24T00:54:32.0812134Z ##[error]src/services/searchService.ts(479,43): error TS2339: Property 'name' does not exist on type 'never'.
2025-09-24T00:54:32.0813544Z ##[error]src/services/searchService.ts(480,36): error TS2339: Property 'name' does not exist on type 'never'.
2025-09-24T00:54:32.0814778Z ##[error]src/services/searchService.ts(493,44): error TS2339: Property 'name' does not exist on type 'never'.
2025-09-24T00:54:32.0816003Z ##[error]src/services/searchService.ts(494,37): error TS2339: Property 'name' does not exist on type 'never'.
2025-09-24T00:54:32.0817256Z ##[error]src/services/searchService.ts(546,11): error TS2698: Spread types may only be created from object types.
2025-09-24T00:54:32.0818418Z ##[error]src/services/searchService.ts(599,70): error TS2554: Expected 1 arguments, but got 2.
2025-09-24T00:54:32.0819598Z ##[error]src/services/searchService.ts(617,26): error TS2339: Property 'name' does not exist on type 'never'.
2025-09-24T00:54:32.0820801Z ##[error]src/services/searchService.ts(631,21): error TS2339: Property 'name' does not exist on type 'never'.
2025-09-24T00:54:32.0822098Z ##[error]src/services/toolsService.ts(166,37): error TS2769: No overload matches this call.
2025-09-24T00:54:32.0823414Z   Overload 1 of 2, '(values: never, options?: { count?: "exact" | "planned" | "estimated"; }): PostgrestFilterBuilder<{ PostgrestVersion: "12"; }, never, never, null, "tools", never, "POST">', gave the following error.
2025-09-24T00:54:32.0824838Z     Argument of type '{ name: string; description: string; url: string; category_id: string; icon: string; is_featured: boolean; status: string; meta_title: string; meta_description: string; sort_order: number; }' is not assignable to parameter of type 'never'.
2025-09-24T00:54:32.0826328Z   Overload 2 of 2, '(values: never[], options?: { count?: "exact" | "planned" | "estimated"; defaultToNull?: boolean; }): PostgrestFilterBuilder<{ PostgrestVersion: "12"; }, never, never, null, "tools", never, "POST">', gave the following error.
2025-09-24T00:54:32.0827321Z     Object literal may only specify known properties, and 'name' does not exist in type 'never[]'.
2025-09-24T00:54:32.0828451Z ##[error]src/services/toolsService.ts(243,17): error TS2345: Argument of type 'Partial<ToolInput>' is not assignable to parameter of type 'never'.
2025-09-24T00:54:32.0830009Z ##[error]src/services/toolsService.ts(289,69): error TS2345: Argument of type '{ tool_id: string; }' is not assignable to parameter of type 'never'.
2025-09-24T00:54:32.0831864Z ##[error]src/services/toolsService.ts(313,17): error TS2345: Argument of type '{ is_favorite: boolean; updated_at: string; }' is not assignable to parameter of type 'never'.
2025-09-24T00:54:32.0835157Z ##[error]src/services/userService.ts(84,17): error TS2345: Argument of type '{ id?: string; email?: string; username?: string; full_name?: string; avatar_url?: string; bio?: string; website?: string; location?: string; role?: "user" | "admin" | "super_admin"; is_active?: boolean; email_verified?: boolean; created_at?: string; updated_at?: string; last_login_at?: string; }' is not assignable to parameter of type 'never'.
2025-09-24T00:54:32.0837083Z ##[error]src/services/userService.ts(112,17): error TS2769: No overload matches this call.
2025-09-24T00:54:32.0838397Z   Overload 1 of 2, '(values: never, options?: { count?: "exact" | "planned" | "estimated"; }): PostgrestFilterBuilder<{ PostgrestVersion: "12"; }, never, never, null, "user_profiles", never, "POST">', gave the following error.
2025-09-24T00:54:32.0840120Z     Argument of type '{ id: string; email: string; username?: string; full_name?: string; avatar_url?: string; bio?: string; website?: string; location?: string; role?: "user" | "admin" | "super_admin"; is_active?: boolean; email_verified?: boolean; created_at?: string; updated_at?: string; last_login_at?: string; }' is not assignable to parameter of type 'never'.
2025-09-24T00:54:32.0842145Z   Overload 2 of 2, '(values: never[], options?: { count?: "exact" | "planned" | "estimated"; defaultToNull?: boolean; }): PostgrestFilterBuilder<{ PostgrestVersion: "12"; }, never, never, null, "user_profiles", never, "POST">', gave the following error.
2025-09-24T00:54:32.0844610Z     Argument of type '{ id: string; email: string; username?: string; full_name?: string; avatar_url?: string; bio?: string; website?: string; location?: string; role?: "user" | "admin" | "super_admin"; is_active?: boolean; email_verified?: boolean; created_at?: string; updated_at?: string; last_login_at?: string; }' is not assignable to parameter of type 'never[]'.
2025-09-24T00:54:32.0846807Z       Type '{ id: string; email: string; username?: string; full_name?: string; avatar_url?: string; bio?: string; website?: string; location?: string; role?: "user" | "admin" | "super_admin"; is_active?: boolean; email_verified?: boolean; created_at?: string; updated_at?: string; last_login_at?: string; }' is missing the following properties from type 'never[]': length, pop, push, concat, and 35 more.
2025-09-24T00:54:32.0848745Z ##[error]src/services/userService.ts(166,17): error TS2345: Argument of type '{ last_login_at: string; }' is not assignable to parameter of type 'never'.
2025-09-24T00:54:32.0850787Z ##[error]src/stores/localManagement.ts(89,58): error TS2345: Argument of type 'Omit<Tool, "id" | "createdAt" | "updatedAt">' is not assignable to parameter of type 'Omit<LocalTool, "lastModified" | "localId">'.
2025-09-24T00:54:32.0852305Z   Property 'id' is missing in type 'Omit<Tool, "id" | "createdAt" | "updatedAt">' but required in type 'Omit<LocalTool, "lastModified" | "localId">'.
2025-09-24T00:54:32.0855245Z ##[error]src/stores/products.ts(56,22): error TS2551: Property 'createdAt' does not exist on type '{ id: string; name: string; description: string; short_description?: string; price: number; original_price?: number; currency: string; category_id: string; category?: { id: string; name: string; description?: string; ... 8 more ...; updated_at: string; }; ... 16 more ...; total_reviews?: number; }'. Did you mean 'created_at'?
2025-09-24T00:54:32.0859197Z ##[error]src/stores/products.ts(56,56): error TS2551: Property 'createdAt' does not exist on type '{ id: string; name: string; description: string; short_description?: string; price: number; original_price?: number; currency: string; category_id: string; category?: { id: string; name: string; description?: string; ... 8 more ...; updated_at: string; }; ... 16 more ...; total_reviews?: number; }'. Did you mean 'created_at'?
2025-09-24T00:54:32.0861660Z ##[error]src/stores/products.ts(149,9): error TS2322: Type 'string' is not assignable to type '"name" | "click_count" | "created_at" | "rating" | "price"'.
2025-09-24T00:54:32.0863223Z ##[error]src/stores/tools.ts(5,33): error TS2307: Cannot find module '@/data/additional-tools' or its corresponding type declarations.
2025-09-24T00:54:32.0866368Z ##[error]src/stores/tools.ts(13,18): error TS2339: Property 'tags' does not exist on type '{ tools: { Row: { id: string; name: string; description: string; url: string; icon: string; category_id: string; is_featured: boolean; click_count: number; created_at: string; updated_at: string; created_by: string; status: "active" | ... 1 more ... | "pending"; meta_title: string; meta_description: string; sort_ord...'.
2025-09-24T00:54:32.0869394Z ##[error]src/stores/tools.ts(323,69): error TS2345: Argument of type '{ tool_id: string; }' is not assignable to parameter of type 'never'.
2025-09-24T00:54:32.0871065Z ##[error]src/tests/integration/components.test.ts(177,28): error TS2339: Property 'value' does not exist on type 'VueNode<Element>'.
2025-09-24T00:54:32.0872746Z ##[error]src/tests/integration/components.test.ts(190,29): error TS2339: Property 'value' does not exist on type 'VueNode<Element>'.
2025-09-24T00:54:32.0874204Z ##[error]src/tests/integration/components.test.ts(208,30): error TS2339: Property 'value' does not exist on type 'VueNode<Element>'.
2025-09-24T00:54:32.0875802Z ##[error]src/tests/integration/components.test.ts(328,35): error TS2339: Property 'value' does not exist on type 'VueNode<Element>'.
2025-09-24T00:54:32.0877292Z ##[error]src/tests/integration/components.test.ts(369,35): error TS2339: Property 'value' does not exist on type 'VueNode<Element>'.
2025-09-24T00:54:32.0879078Z ##[error]src/tests/integration/components.test.ts(453,30): error TS2341: Property 'setChecked' is private and only accessible within class 'DOMWrapper<NodeType>'.
2025-09-24T00:54:32.0880835Z ##[error]src/tests/integration/services.test.ts(5,36): error TS2307: Cannot find module '@/services/performanceService' or its corresponding type declarations.
2025-09-24T00:54:32.0883995Z ##[error]src/tests/setup.ts(5,1): error TS2322: Type 'Mock<[], { disconnect: Mock<[], void>; observe: Mock<[target: Element], void>; unobserve: Mock<[target: Element], void>; }>' is not assignable to type '{ new (callback: IntersectionObserverCallback, options?: IntersectionObserverInit): IntersectionObserver; prototype: IntersectionObserver; }'.
2025-09-24T00:54:32.0886114Z   Type '{ disconnect: Mock<[], void>; observe: Mock<[target: Element], void>; unobserve: Mock<[target: Element], void>; }' is missing the following properties from type 'IntersectionObserver': root, rootMargin, thresholds, takeRecords
2025-09-24T00:54:32.0889118Z ##[error]src/tests/setup.ts(19,1): error TS2741: Property 'supportedEntryTypes' is missing in type 'Mock<[], { disconnect: Mock<any, any>; observe: Mock<any, any>; unobserve: Mock<any, any>; }>' but required in type '{ new (callback: PerformanceObserverCallback): PerformanceObserver; prototype: PerformanceObserver; readonly supportedEntryTypes: readonly string[]; }'.
2025-09-24T00:54:32.0890949Z ##[error]src/tests/setup.ts(202,1): error TS2304: Cannot find name 'beforeEach'.
2025-09-24T00:54:32.0892091Z ##[error]src/tests/setup.ts(208,1): error TS2304: Cannot find name 'afterEach'.
2025-09-24T00:54:32.0893241Z ##[error]src/views/admin/SettingsView.vue(239,29): error TS2304: Cannot find name 'supabase'.
2025-09-24T00:54:32.0897907Z ##[error]src/views/admin/UserManagementView.vue(193,6): error TS2345: Argument of type '{ user: { id: string; email: string; username?: string; full_name?: string; avatar_url?: string; bio?: string; website?: string; location?: string; role: "user" | "admin" | "super_admin"; is_active: boolean; email_verified: boolean; created_at: string; updated_at: string; last_login_at?: string; }; onClose: any; onU...' is not assignable to parameter of type 'Partial<{}> & Omit<{ readonly user: User; readonly isVisible: boolean; readonly onClose?: () => any; readonly onEdit?: (user: User) => any; } & VNodeProps & AllowedComponentProps & ComponentCustomProps, never> & Record<...>'.
2025-09-24T00:54:32.0901989Z   Property 'isVisible' is missing in type '{ user: { id: string; email: string; username?: string; full_name?: string; avatar_url?: string; bio?: string; website?: string; location?: string; role: "user" | "admin" | "super_admin"; is_active: boolean; email_verified: boolean; created_at: string; updated_at: string; last_login_at?: string; }; onClose: any; onU...' but required in type 'Omit<{ readonly user: User; readonly isVisible: boolean; readonly onClose?: () => any; readonly onEdit?: (user: User) => any; } & VNodeProps & AllowedComponentProps & ComponentCustomProps, never>'.
2025-09-24T00:54:32.0904108Z ##[error]src/views/admin/UserManagementView.vue(330,35): error TS2304: Cannot find name 'supabase'.
2025-09-24T00:54:32.0907939Z ##[error]src/views/AdminToolsView.vue(98,15): error TS2339: Property 'getCategoryName' does not exist on type '{ $: ComponentInternalInstance; $data: {}; $props: Partial<{}> & Omit<{} & VNodeProps & AllowedComponentProps & ComponentCustomProps, never>; ... 11 more ...; $watch<T extends string | ((...args: any) => any)>(source: T, cb: T extends (...args: any) => infer R ? (args_0: R, args_1: R, args_2: OnCleanup) => any : (ar...'.
2025-09-24T00:54:32.0911807Z ##[error]src/views/AdminToolsView.vue(114,32): error TS2345: Argument of type '{ id: string; name: string; description: string; url: string; icon: string; category_id: string; is_featured: boolean; click_count: number; created_at: string; updated_at: string; created_by: string; ... 6 more ...; tags?: string[]; }' is not assignable to parameter of type 'Tool'.
2025-09-24T00:54:32.0914232Z   Property 'tags' is optional in type '{ id: string; name: string; description: string; url: string; icon: string; category_id: string; is_featured: boolean; click_count: number; created_at: string; updated_at: string; created_by: string; ... 6 more ...; tags?: string[]; }' but required in type 'Tool'.
2025-09-24T00:54:32.0917165Z ##[error]src/views/AdminToolsView.vue(121,34): error TS2345: Argument of type '{ id: string; name: string; description: string; url: string; icon: string; category_id: string; is_featured: boolean; click_count: number; created_at: string; updated_at: string; created_by: string; ... 6 more ...; tags?: string[]; }' is not assignable to parameter of type 'Tool'.
2025-09-24T00:54:32.0920549Z ##[error]src/views/AdminToolsView.vue(128,40): error TS2345: Argument of type '{ id: string; name: string; description: string; url: string; icon: string; category_id: string; is_featured: boolean; click_count: number; created_at: string; updated_at: string; created_by: string; ... 6 more ...; tags?: string[]; }' is not assignable to parameter of type 'Tool'.
2025-09-24T00:54:32.0922684Z ##[error]src/views/auth/ForgotPasswordView.vue(122,3): error TS2322: Type 'Timeout' is not assignable to type 'number'.
2025-09-24T00:54:32.0923982Z ##[error]src/views/FeedbackView.vue(161,41): error TS2339: Property 'click' does not exist on type 'unknown'.
2025-09-24T00:54:32.0925549Z ##[error]src/views/ToolsView.vue(41,16): error TS2322: Type '(newFilters: typeof filters) => void' is not assignable to type '(filters: SearchFilters) => any'.
2025-09-24T00:54:32.0926581Z   Types of parameters 'newFilters' and 'filters' are incompatible.
2025-09-24T00:54:32.0927735Z     Type 'SearchFilters' is missing the following properties from type 'Ref<{ category: string; tags: string[]; rating: number; isFeatured: boolean; hasUrl: boolean; sortBy: "name" | "created_at" | "rating" | "clicks"; sortOrder: "desc" | "asc"; }, SearchFilters | { ...; }>': value, [RefSymbol]
2025-09-24T00:54:32.0929132Z ##[error]src/views/ToolsView.vue(120,38): error TS2339: Property 'isFavorite' does not exist on type 'Tool'.
2025-09-24T00:54:32.0930351Z ##[error]src/views/ToolsView.vue(193,48): error TS2339: Property 'category' does not exist on type 'Tool'.
2025-09-24T00:54:32.0931879Z ##[error]src/views/ToolsView.vue(195,46): error TS2551: Property 'clickCount' does not exist on type 'Tool'. Did you mean 'click_count'?
2025-09-24T00:54:32.0933219Z ##[error]src/views/ToolsView.vue(213,40): error TS2339: Property 'isFavorite' does not exist on type 'Tool'.
2025-09-24T00:54:32.0936519Z ##[error]src/views/user/OrdersView.vue(196,13): error TS2322: Type '{ id: string; name: string; short_description: string; images: string[]; }' is not assignable to type 'Product | { id: string; name: string; description: string; short_description?: string; price: number; original_price?: number; currency: string; category_id: string; category?: { id: string; ... 10 more ...; updated_at: string; }; ... 16 more ...; total_reviews?: number; }'.
2025-09-24T00:54:32.0939544Z   Type '{ id: string; name: string; short_description: string; images: string[]; }' is missing the following properties from type '{ id: string; name: string; description: string; short_description?: string; price: number; original_price?: number; currency: string; category_id: string; category?: { id: string; name: string; description?: string; ... 8 more ...; updated_at: string; }; ... 16 more ...; total_reviews?: number; }': description, price, currency, category_id, and 8 more.
2025-09-24T00:54:32.0943699Z ##[error]src/views/user/OrdersView.vue(224,13): error TS2322: Type '{ id: string; name: string; short_description: string; images: string[]; }' is not assignable to type 'Product | { id: string; name: string; description: string; short_description?: string; price: number; original_price?: number; currency: string; category_id: string; category?: { id: string; ... 10 more ...; updated_at: string; }; ... 16 more ...; total_reviews?: number; }'.
2025-09-24T00:54:32.0946858Z   Type '{ id: string; name: string; short_description: string; images: string[]; }' is missing the following properties from type '{ id: string; name: string; description: string; short_description?: string; price: number; original_price?: number; currency: string; category_id: string; category?: { id: string; name: string; description?: string; ... 8 more ...; updated_at: string; }; ... 16 more ...; total_reviews?: number; }': description, price, currency, category_id, and 8 more.
2025-09-24T00:54:32.1172885Z ##[error]Process completed with exit code 2.
2025-09-24T00:54:32.1255852Z Post job cleanup.
2025-09-24T00:54:32.2175714Z [command]/usr/bin/git version
2025-09-24T00:54:32.2213029Z git version 2.51.0
2025-09-24T00:54:32.2256465Z Temporarily overriding HOME='/home/runner/work/_temp/5f74d71f-8bd8-4e97-b765-63c12ff735b5' before making global git config changes
2025-09-24T00:54:32.2257959Z Adding repository directory to the temporary git global config as a safe directory
2025-09-24T00:54:32.2263416Z [command]/usr/bin/git config --global --add safe.directory /home/runner/work/advanced-tools-navigation/advanced-tools-navigation
2025-09-24T00:54:32.2297776Z [command]/usr/bin/git config --local --name-only --get-regexp core\.sshCommand
2025-09-24T00:54:32.2329911Z [command]/usr/bin/git submodule foreach --recursive sh -c "git config --local --name-only --get-regexp 'core\.sshCommand' && git config --local --unset-all 'core.sshCommand' || :"
2025-09-24T00:54:32.2556929Z [command]/usr/bin/git config --local --name-only --get-regexp http\.https\:\/\/github\.com\/\.extraheader
2025-09-24T00:54:32.2577694Z http.https://github.com/.extraheader
2025-09-24T00:54:32.2590767Z [command]/usr/bin/git config --local --unset-all http.https://github.com/.extraheader
2025-09-24T00:54:32.2621006Z [command]/usr/bin/git submodule foreach --recursive sh -c "git config --local --name-only --get-regexp 'http\.https\:\/\/github\.com\/\.extraheader' && git config --local --unset-all 'http.https://github.com/.extraheader' || :"
2025-09-24T00:54:32.2942670Z Cleaning up orphan processes
